// Jest Snapshot v1, https://goo.gl/fbAQLP

exports[`Make sure constant content are generated correctly \`generateConstantContent\` function return correctly 1`] = `
"/** @info space-negative-80: -5rem (-80px) */
'space-negative-80': '-5rem',
/** @info space-negative-76: -4.75rem (-76px) */
'space-negative-76': '-4.75rem',
/** @info space-negative-72: -4.5rem (-72px) */
'space-negative-72': '-4.5rem',
/** @info space-negative-68: -4.25rem (-68px) */
'space-negative-68': '-4.25rem',
/** @info space-negative-64: -4rem (-64px) */
'space-negative-64': '-4rem',
/** @info space-negative-60: -3.75rem (-60px) */
'space-negative-60': '-3.75rem',
/** @info space-negative-56: -3.5rem (-56px) */
'space-negative-56': '-3.5rem',
/** @info space-negative-52: -3.25rem (-52px) */
'space-negative-52': '-3.25rem',
/** @info space-negative-48: -3rem (-48px) */
'space-negative-48': '-3rem',
/** @info space-negative-44: -2.75rem (-44px) */
'space-negative-44': '-2.75rem',
/** @info space-negative-40: -2.5rem (-40px) */
'space-negative-40': '-2.5rem',
/** @info space-negative-36: -2.25rem (-36px) */
'space-negative-36': '-2.25rem',
/** @info space-negative-32: -2rem (-32px) */
'space-negative-32': '-2rem',
/** @info space-negative-28: -1.75rem (-28px) */
'space-negative-28': '-1.75rem',
/** @info space-negative-24: -1.5rem (-24px) */
'space-negative-24': '-1.5rem',
/** @info space-negative-20: -1.25rem (-20px) */
'space-negative-20': '-1.25rem',
/** @info space-negative-16: -1rem (-16px) */
'space-negative-16': '-1rem',
/** @info space-negative-12: -0.75rem (-12px) */
'space-negative-12': '-0.75rem',
/** @info space-negative-8: -0.5rem (-8px) */
'space-negative-8': '-0.5rem',
/** @info space-negative-4: -0.25rem (-4px) */
'space-negative-4': '-0.25rem',
/** @info space-0: 0 (0) */
'space-0': '0',
/** @info space-4: 0.25rem (4px) */
'space-4': '0.25rem',
/** @info space-8: 0.5rem (8px) */
'space-8': '0.5rem',
/** @info space-12: 0.75rem (12px) */
'space-12': '0.75rem',
/** @info space-16: 1rem (16px) */
'space-16': '1rem',
/** @info space-20: 1.25rem (20px) */
'space-20': '1.25rem',
/** @info space-24: 1.5rem (24px) */
'space-24': '1.5rem',
/** @info space-28: 1.75rem (28px) */
'space-28': '1.75rem',
/** @info space-32: 2rem (32px) */
'space-32': '2rem',
/** @info space-36: 2.25rem (36px) */
'space-36': '2.25rem',
/** @info space-40: 2.5rem (40px) */
'space-40': '2.5rem',
/** @info space-44: 2.75rem (44px) */
'space-44': '2.75rem',
/** @info space-48: 3rem (48px) */
'space-48': '3rem',
/** @info space-52: 3.25rem (52px) */
'space-52': '3.25rem',
/** @info space-56: 3.5rem (56px) */
'space-56': '3.5rem',
/** @info space-60: 3.75rem (60px) */
'space-60': '3.75rem',
/** @info space-64: 4rem (64px) */
'space-64': '4rem',
/** @info space-68: 4.25rem (68px) */
'space-68': '4.25rem',
/** @info space-72: 4.5rem (72px) */
'space-72': '4.5rem',
/** @info space-76: 4.75rem (76px) */
'space-76': '4.75rem',
/** @info space-80: 5rem (80px) */
'space-80': '5rem',"
`;

exports[`Make sure logic to generate \`space\` work as expected Key value pairs return correctly 1`] = `
Object {
  "space-0": "0",
  "space-12": "0.75rem",
  "space-16": "1rem",
  "space-20": "1.25rem",
  "space-24": "1.5rem",
  "space-28": "1.75rem",
  "space-32": "2rem",
  "space-36": "2.25rem",
  "space-4": "0.25rem",
  "space-40": "2.5rem",
  "space-44": "2.75rem",
  "space-48": "3rem",
  "space-52": "3.25rem",
  "space-56": "3.5rem",
  "space-60": "3.75rem",
  "space-64": "4rem",
  "space-68": "4.25rem",
  "space-72": "4.5rem",
  "space-76": "4.75rem",
  "space-8": "0.5rem",
  "space-80": "5rem",
  "space-negative-12": "-0.75rem",
  "space-negative-16": "-1rem",
  "space-negative-20": "-1.25rem",
  "space-negative-24": "-1.5rem",
  "space-negative-28": "-1.75rem",
  "space-negative-32": "-2rem",
  "space-negative-36": "-2.25rem",
  "space-negative-4": "-0.25rem",
  "space-negative-40": "-2.5rem",
  "space-negative-44": "-2.75rem",
  "space-negative-48": "-3rem",
  "space-negative-52": "-3.25rem",
  "space-negative-56": "-3.5rem",
  "space-negative-60": "-3.75rem",
  "space-negative-64": "-4rem",
  "space-negative-68": "-4.25rem",
  "space-negative-72": "-4.5rem",
  "space-negative-76": "-4.75rem",
  "space-negative-8": "-0.5rem",
  "space-negative-80": "-5rem",
}
`;
