// Jest Snapshot v1, https://goo.gl/fbAQLP

exports[`Theme content: 1`] = `
Object {
  "--amino-appbar-elevation": "var(--amino-elevation-500)",
  "--amino-appbar-height": "55px",
  "--amino-backdrop-color": "var(--amino-gray-1000)",
  "--amino-black": "#0c0c0d",
  "--amino-blue-100": "#DEECFE",
  "--amino-blue-1000": "#151943",
  "--amino-blue-200": "#C5DCFD",
  "--amino-blue-300": "#AAC8FC",
  "--amino-blue-400": "#89ADFA",
  "--amino-blue-500": "#568CF6",
  "--amino-blue-600": "#435DEE",
  "--amino-blue-700": "#294DBE",
  "--amino-blue-800": "#263B98",
  "--amino-blue-900": "#1F2B73",
  "--amino-border": "1px solid var(--amino-border-color)",
  "--amino-border-amber": "1px solid var(--amino-amber-400)",
  "--amino-border-blue": "1px solid var(--amino-blue-500)",
  "--amino-border-color": "var(--amino-gray-200)",
  "--amino-border-cyan": "1px solid var(--amino-cyan-400)",
  "--amino-border-green": "1px solid var(--amino-green-400)",
  "--amino-border-orange": "1px solid var(--amino-orange-400)",
  "--amino-border-purple": "1px solid var(--amino-purple-400)",
  "--amino-border-red": "1px solid var(--amino-red-400)",
  "--amino-border-transparent": "1px solid transparent",
  "--amino-cyan-100": "#DBFDFF",
  "--amino-cyan-1000": "#183338",
  "--amino-cyan-200": "#BAF8FD",
  "--amino-cyan-300": "#8FF1FA",
  "--amino-cyan-400": "#65E2EF",
  "--amino-cyan-500": "#48C4D3",
  "--amino-cyan-600": "#349DAB",
  "--amino-cyan-700": "#287E8A",
  "--amino-cyan-800": "#236A75",
  "--amino-cyan-900": "#22525A",
  "--amino-danger": "var(--amino-red-600)",
  "--amino-danger-dark": "var(--amino-red-700)",
  "--amino-dialog-elevation": "var(--amino-elevation-400)",
  "--amino-elevation-0": "0",
  "--amino-elevation-100": "100",
  "--amino-elevation-200": "200",
  "--amino-elevation-300": "300",
  "--amino-elevation-400": "400",
  "--amino-elevation-500": "500",
  "--amino-error": "var(--amino-red-600)",
  "--amino-font-harmonized-codes": "'Fira Code', var(--amino-font-sans)",
  "--amino-font-mono": "Operator Mono, MonoLisa, Dank Mono, Menlo, Monaco, Lucida Console, Liberation Mono, DejaVu Sans Mono, Bitstream Vera Sans Mono, Courier New, monospace",
  "--amino-font-sans": "'Inter', -apple-system, BlinkMacSystemFont, 'Segoe UI', 'Roboto', 'Oxygen', 'Ubuntu', 'Cantarell', 'Fira Sans', 'Droid Sans', 'Helvetica Neue', sans-serif",
  "--amino-font-size-2xl": "1.75rem",
  "--amino-font-size-3xl": "2.125rem",
  "--amino-font-size-base": "0.875rem",
  "--amino-font-size-l": "1.125rem",
  "--amino-font-size-s": "0.75rem",
  "--amino-font-size-xl": "1.375rem",
  "--amino-font-size-xs": "0.625rem",
  "--amino-glow-blue": "0 0 0 1px var(--amino-primary)",
  "--amino-glow-cyan": "0 0 0 1px var(--amino-cyan-alpha)",
  "--amino-glow-error": "0 0 0 1px var(--amino-red-600)",
  "--amino-glow-green": "0 0 0 1px var(--amino-green-alpha)",
  "--amino-glow-orange": "0 0 0 1px var(--amino-orange-alpha)",
  "--amino-glow-purple": "0 0 0 1px var(--amino-purple-alpha)",
  "--amino-glow-red": "0 0 0 1px var(--amino-red-alpha)",
  "--amino-gray-0": "white",
  "--amino-gray-100": "#EAEBED",
  "--amino-gray-1000": "#2E3038",
  "--amino-gray-1100": "#1E1F26",
  "--amino-gray-1200": "#101116",
  "--amino-gray-1300": "black",
  "--amino-gray-200": "#D9DADD",
  "--amino-gray-300": "#C5C6CA",
  "--amino-gray-400": "#ACAEB3",
  "--amino-gray-50": "#F6F6F8",
  "--amino-gray-500": "#94969E",
  "--amino-gray-600": "#6A6D77",
  "--amino-gray-700": "#5C5E68",
  "--amino-gray-800": "#4D505A",
  "--amino-gray-900": "#40424C",
  "--amino-green-100": "#DBFFDD",
  "--amino-green-1000": "#193123",
  "--amino-green-200": "#BAFDC2",
  "--amino-green-300": "#86F99E",
  "--amino-green-400": "#62E488",
  "--amino-green-500": "#4DC477",
  "--amino-green-600": "#2A995A",
  "--amino-green-700": "#25794A",
  "--amino-green-800": "#236641",
  "--amino-green-900": "#214C34",
  "--amino-header-color": "white",
  "--amino-hover-color": "var(--amino-gray-50)",
  "--amino-input-background": "white",
  "--amino-line-height-2xl": "119%",
  "--amino-line-height-3xl": "118%",
  "--amino-line-height-base": "114%",
  "--amino-line-height-l": "133%",
  "--amino-line-height-s": "133%",
  "--amino-line-height-xl": "127%",
  "--amino-line-height-xs": "120%",
  "--amino-orange-100": "#FFEEE0",
  "--amino-orange-1000": "#3C1611",
  "--amino-orange-200": "#FED5B8",
  "--amino-orange-300": "#FDC2A0",
  "--amino-orange-400": "#FCA375",
  "--amino-orange-500": "#F88548",
  "--amino-orange-600": "#D7581F",
  "--amino-orange-700": "#A4431D",
  "--amino-orange-800": "#85341D",
  "--amino-orange-900": "#63261A",
  "--amino-page-background": "white",
  "--amino-primary": "var(--amino-blue-600)",
  "--amino-primary-dark": "var(--amino-blue-800)",
  "--amino-primary-light": "var(--amino-blue-500)",
  "--amino-purple-100": "#EEF0FF",
  "--amino-purple-1000": "#29143A",
  "--amino-purple-200": "#D8DAFD",
  "--amino-purple-300": "#C4C0FC",
  "--amino-purple-400": "#B09FF9",
  "--amino-purple-500": "#A379F6",
  "--amino-purple-600": "#9635EE",
  "--amino-purple-700": "#7728B9",
  "--amino-purple-800": "#612392",
  "--amino-purple-900": "#461F66",
  "--amino-radius-10": "0.625rem",
  "--amino-radius-12": "0.75rem",
  "--amino-radius-4": "0.25rem",
  "--amino-radius-6": "0.375rem",
  "--amino-radius-8": "0.5rem",
  "--amino-red-100": "#FFEDEB",
  "--amino-red-1000": "#3B1119",
  "--amino-red-200": "#FDD3D0",
  "--amino-red-300": "#FCB4B2",
  "--amino-red-400": "#FA8B8B",
  "--amino-red-500": "#F9505B",
  "--amino-red-600": "#D3203F",
  "--amino-red-700": "#A81E37",
  "--amino-red-800": "#841A2F",
  "--amino-red-900": "#601725",
  "--amino-sidebar-color": "white",
  "--amino-sidebar-width": "264px",
  "--amino-size-lg": "48px",
  "--amino-size-md": "40px",
  "--amino-size-sm": "32px",
  "--amino-size-xl": "56px",
  "--amino-space-0": "0",
  "--amino-space-12": "0.75rem",
  "--amino-space-16": "1rem",
  "--amino-space-20": "1.25rem",
  "--amino-space-24": "1.5rem",
  "--amino-space-28": "1.75rem",
  "--amino-space-32": "2rem",
  "--amino-space-36": "2.25rem",
  "--amino-space-4": "0.25rem",
  "--amino-space-40": "2.5rem",
  "--amino-space-44": "2.75rem",
  "--amino-space-48": "3rem",
  "--amino-space-52": "3.25rem",
  "--amino-space-56": "3.5rem",
  "--amino-space-60": "3.75rem",
  "--amino-space-64": "4rem",
  "--amino-space-68": "4.25rem",
  "--amino-space-72": "4.5rem",
  "--amino-space-76": "4.75rem",
  "--amino-space-8": "0.5rem",
  "--amino-space-80": "5rem",
  "--amino-space-negative-12": "-0.75rem",
  "--amino-space-negative-16": "-1rem",
  "--amino-space-negative-20": "-1.25rem",
  "--amino-space-negative-24": "-1.5rem",
  "--amino-space-negative-28": "-1.75rem",
  "--amino-space-negative-32": "-2rem",
  "--amino-space-negative-36": "-2.25rem",
  "--amino-space-negative-4": "-0.25rem",
  "--amino-space-negative-40": "-2.5rem",
  "--amino-space-negative-44": "-2.75rem",
  "--amino-space-negative-48": "-3rem",
  "--amino-space-negative-52": "-3.25rem",
  "--amino-space-negative-56": "-3.5rem",
  "--amino-space-negative-60": "-3.75rem",
  "--amino-space-negative-64": "-4rem",
  "--amino-space-negative-68": "-4.25rem",
  "--amino-space-negative-72": "-4.5rem",
  "--amino-space-negative-76": "-4.75rem",
  "--amino-space-negative-8": "-0.5rem",
  "--amino-space-negative-80": "-5rem",
  "--amino-success": "var(--amino-green-300)",
  "--amino-success-dark": "var(--amino-green-700)",
  "--amino-surface-color": "white",
  "--amino-surface-color-secondary": "var(--amino-gray-50)",
  "--amino-text-color": "var(--amino-gray-1000)",
  "--amino-text-dark": "var(--amino-text-color)",
  "--amino-text-light": "white",
  "--amino-toast-elevation": "var(--amino-elevation-500)",
  "--amino-transition": "all 0.2s ease-in-out 0s",
  "--amino-type-scale-base": "16px",
  "--amino-v3-shadow-base": "0px 1px 2px rgba(0, 0, 0, 0.06), 0px 1px 3px rgba(0, 0, 0, 0.1)",
  "--amino-v3-shadow-inset": "inset 0px 2px 4px rgba(0, 0, 0, 0.06)",
  "--amino-v3-shadow-large": "0px 10px 15px rgba(0, 0, 0, 0.1), 0px 4px 6px rgba(0, 0, 0, 0.05)",
  "--amino-v3-shadow-medium": "0px 2px 4px rgba(0, 0, 0, 0.06), 0px 4px 6px rgba(0, 0, 0, 0.1)",
  "--amino-v3-shadow-xl": "0px 20px 25px rgba(0, 0, 0, 0.1), 0px 10px 10px rgba(0, 0, 0, 0.04)",
  "--amino-v3-shadow-xxl": "0px 32px 50px rgba(0, 0, 0, 0.24)",
  "--amino-warning": "var(--amino-amber-100)",
  "--amino-warning-dark": "var(--amino-amber-700)",
}
`;
