// Vitest Snapshot v1, https://vitest.dev/guide/snapshot.html

exports[`Theme content: 1`] = `
{
  "--amino-appbar-elevation": "var(--amino-elevation-500)",
  "--amino-appbar-height": "55px",
  "--amino-backdrop-color": "oklch(0% 0 0)",
  "--amino-blue-100": "oklch(93.57% 0.038 240.3)",
  "--amino-blue-200": "oklch(88% 0.066 237.49)",
  "--amino-blue-300": "oklch(82.5% 0.111 235.48)",
  "--amino-blue-400": "oklch(74.05% 0.161 240.58)",
  "--amino-blue-50": "oklch(97.12% 0.017 239.88)",
  "--amino-blue-500": "oklch(64.68% 0.212 249.91)",
  "--amino-blue-600": "oklch(58.35% 0.229 255.29)",
  "--amino-blue-700": "oklch(52.4% 0.229 258.03)",
  "--amino-blue-800": "oklch(45.12% 0.192 259.15)",
  "--amino-blue-900": "oklch(39.8% 0.148 258.07)",
  "--amino-blue-950": "oklch(29.35% 0.094 259.83)",
  "--amino-border": "1px solid var(--amino-border-color)",
  "--amino-border-amber": "1px solid var(--amino-amber-500)",
  "--amino-border-blue": "1px solid var(--amino-blue-500)",
  "--amino-border-color": "var(--amino-gray-200)",
  "--amino-border-cyan": "1px solid var(--amino-cyan-500)",
  "--amino-border-green": "1px solid var(--amino-green-500)",
  "--amino-border-orange": "1px solid var(--amino-orange-500)",
  "--amino-border-purple": "1px solid var(--amino-purple-500)",
  "--amino-border-red": "1px solid var(--amino-red-500)",
  "--amino-border-subtle": "1px solid var(--amino-gray-100)",
  "--amino-border-transparent": "1px solid transparent",
  "--amino-button-danger-hover": "linear-gradient(180deg, oklch(64% 0.277 24.49) 0%, oklch(59.01% 0.271 26.85) 100%)",
  "--amino-button-focus-ring": "0 0 0 2px var(--amino-blue-500)",
  "--amino-button-primary-hover": "linear-gradient(180deg, oklch(64.68% 0.212 249.91) 0%, oklch(58.35% 0.229 255.29) 100%)",
  "--amino-button-standard-hover": "linear-gradient(180deg, var(--amino-gray-0) 0%, var(--amino-gray-50) 100%)",
  "--amino-button-success-hover": "linear-gradient(180deg, oklch(66.08% 0.216 152.99) 0%, oklch(59.24% 0.199 152.47) 100%)",
  "--amino-button-warning-hover": "linear-gradient(180deg, oklch(66.98% 0.236 39.73) 0%, oklch(71% 0.225 46.37) 100%)",
  "--amino-cyan-100": "oklch(94.76% 0.057 190.63)",
  "--amino-cyan-200": "oklch(88.6% 0.105 189.72)",
  "--amino-cyan-300": "oklch(83% 0.15 191.93)",
  "--amino-cyan-400": "oklch(76.84% 0.163 193.32)",
  "--amino-cyan-50": "oklch(97% 0.017 190.88)",
  "--amino-cyan-500": "oklch(69.08% 0.153 195.02)",
  "--amino-cyan-600": "oklch(57.49% 0.127 196.23)",
  "--amino-cyan-700": "oklch(48.8% 0.105 197.08)",
  "--amino-cyan-800": "oklch(41.11% 0.083 199.67)",
  "--amino-cyan-900": "oklch(36.89% 0.071 198.09)",
  "--amino-cyan-950": "oklch(25.89% 0.053 202.18)",
  "--amino-danger": "var(--amino-red-500)",
  "--amino-danger-dark": "var(--amino-red-700)",
  "--amino-dialog-elevation": "var(--amino-elevation-400)",
  "--amino-elevation-0": "0",
  "--amino-elevation-100": "100",
  "--amino-elevation-200": "200",
  "--amino-elevation-300": "300",
  "--amino-elevation-400": "400",
  "--amino-elevation-500": "500",
  "--amino-error": "var(--amino-red-500)",
  "--amino-focus-button": "0px 0px 0px 1px var(--amino-gray-0) inset, var(--amino-button-focus-ring)",
  "--amino-focus-button-standard": "0px 0px 0px 1px var(--amino-transparent-gray-600) inset, var(--amino-button-focus-ring)",
  "--amino-font-harmonized-codes": "'Fira Code', var(--amino-font-sans)",
  "--amino-font-mono": "Operator Mono, MonoLisa, Dank Mono, Menlo, Monaco, Lucida Console, Liberation Mono, DejaVu Sans Mono, Bitstream Vera Sans Mono, Courier New, monospace",
  "--amino-font-sans": "'Inter', -apple-system, BlinkMacSystemFont, 'Segoe UI', 'Roboto', 'Oxygen', 'Ubuntu', 'Cantarell', 'Fira Sans', 'Droid Sans', 'Helvetica Neue', sans-serif",
  "--amino-font-size-2xl": "1.5rem",
  "--amino-font-size-3xl": "1.875rem",
  "--amino-font-size-base": "0.813rem",
  "--amino-font-size-base-docs": "1rem",
  "--amino-font-size-l": "1.125rem",
  "--amino-font-size-s": "0.75rem",
  "--amino-font-size-xl": "1.25rem",
  "--amino-font-size-xs": "0.688rem",
  "--amino-glass-0": "#10111600",
  "--amino-glass-100": "#10111614",
  "--amino-glass-1000": "#101116EF",
  "--amino-glass-200": "#10111626",
  "--amino-glass-300": "#1011163D",
  "--amino-glass-400": "#10111656",
  "--amino-glass-50": "#1011160A",
  "--amino-glass-500": "#10111670",
  "--amino-glass-600": "#1011169B",
  "--amino-glass-700": "#101116AD",
  "--amino-glass-800": "#101116BC",
  "--amino-glass-900": "#101116C6",
  "--amino-glass-950": "#101116DD",
  "--amino-glow-blue": "0 0 0 1px var(--amino-primary)",
  "--amino-glow-cyan": "0 0 0 1px var(--amino-cyan-500)",
  "--amino-glow-error": "0 0 0 1px var(--amino-red-500)",
  "--amino-glow-green": "0 0 0 1px var(--amino-green-500)",
  "--amino-glow-orange": "0 0 0 1px var(--amino-orange-500)",
  "--amino-glow-purple": "0 0 0 1px var(--amino-purple-500)",
  "--amino-glow-red": "0 0 0 1px var(--amino-red-500)",
  "--amino-gray-0": "oklch(100% 0 0)",
  "--amino-gray-100": "oklch(92.81% 0.004396 273.22)",
  "--amino-gray-1000": "oklch(17.44% 0.011403 274.76)",
  "--amino-gray-200": "oklch(83.75% 0.011288 273.09)",
  "--amino-gray-300": "oklch(75.46% 0.011219 271.29)",
  "--amino-gray-400": "oklch(68.1% 0.014621 274.38)",
  "--amino-gray-50": "oklch(96.09% 0.003207 261.35)",
  "--amino-gray-500": "oklch(60.54% 0.018296 276.3)",
  "--amino-gray-600": "oklch(53.95% 0.019158 271.63)",
  "--amino-gray-700": "oklch(46.95% 0.017785 275.24)",
  "--amino-gray-800": "oklch(40% 0.018521 275.1)",
  "--amino-gray-900": "oklch(33.08% 0.017554 273.86)",
  "--amino-gray-950": "oklch(24.93% 0.016844 272.24)",
  "--amino-green-100": "oklch(95.68% 0.047 155)",
  "--amino-green-200": "oklch(89% 0.088 155)",
  "--amino-green-300": "oklch(83% 0.152 155)",
  "--amino-green-400": "oklch(76.79% 0.211 154.62)",
  "--amino-green-50": "oklch(97% 0.023 155)",
  "--amino-green-500": "oklch(66.08% 0.216 152.99)",
  "--amino-green-600": "oklch(59.24% 0.199 152.47)",
  "--amino-green-700": "oklch(49.98% 0.158 153.7)",
  "--amino-green-800": "oklch(42.71% 0.126 154.23)",
  "--amino-green-900": "oklch(37.57% 0.103 155.77)",
  "--amino-green-950": "oklch(25.32% 0.072 155.78)",
  "--amino-header-color": "var(--amino-gray-0)",
  "--amino-hover-color": "var(--amino-gray-50)",
  "--amino-input-background": "inherit",
  "--amino-line-height-2xl": "2.5rem",
  "--amino-line-height-3xl": "3rem",
  "--amino-line-height-base": "1.5rem",
  "--amino-line-height-l": "1.5rem",
  "--amino-line-height-s": "1rem",
  "--amino-line-height-xl": "2rem",
  "--amino-line-height-xs": "0.75rem",
  "--amino-opacity-disabled": "0.6",
  "--amino-orange-100": "oklch(95.49% 0.043 72.48)",
  "--amino-orange-200": "oklch(89% 0.087 68.88)",
  "--amino-orange-300": "oklch(84.49% 0.141 64.61)",
  "--amino-orange-400": "oklch(77.17% 0.194 53.72)",
  "--amino-orange-50": "oklch(97% 0.018 69.58)",
  "--amino-orange-500": "oklch(71% 0.225 46.37)",
  "--amino-orange-600": "oklch(66.98% 0.236 39.73)",
  "--amino-orange-700": "oklch(57.39% 0.212 37.13)",
  "--amino-orange-800": "oklch(48.63% 0.175 36.28)",
  "--amino-orange-900": "oklch(42.21% 0.142 37.49)",
  "--amino-orange-950": "oklch(26.5% 0.095 35.49)",
  "--amino-page-background": "var(--amino-gray-0)",
  "--amino-primary": "var(--amino-blue-500)",
  "--amino-primary-dark": "var(--amino-blue-800)",
  "--amino-primary-light": "var(--amino-blue-400)",
  "--amino-pure-background-color": "oklch(98.16% 0.001972 243.25)",
  "--amino-purple-100": "oklch(94.71% 0.039 312.71)",
  "--amino-purple-200": "oklch(89% 0.073 312.56)",
  "--amino-purple-300": "oklch(83% 0.131 312.45)",
  "--amino-purple-400": "oklch(73.1% 0.21 311.17)",
  "--amino-purple-50": "oklch(97% 0.016 311.1)",
  "--amino-purple-500": "oklch(64% 0.277 308.42)",
  "--amino-purple-600": "oklch(58.55% 0.289 307.14)",
  "--amino-purple-700": "oklch(52.45% 0.269 306.98)",
  "--amino-purple-800": "oklch(46.26% 0.229 309.03)",
  "--amino-purple-900": "oklch(39% 0.172 310.22)",
  "--amino-purple-950": "oklch(27% 0.124 308.41)",
  "--amino-radius-10": "0.625rem",
  "--amino-radius-12": "0.75rem",
  "--amino-radius-4": "0.25rem",
  "--amino-radius-6": "0.375rem",
  "--amino-radius-8": "0.5rem",
  "--amino-raised-color-secondary": "var(--amino-gray-50)",
  "--amino-raised-surface-color": "var(--amino-gray-0)",
  "--amino-red-100": "oklch(93.34% 0.045 12.87)",
  "--amino-red-200": "oklch(88% 0.076 14.35)",
  "--amino-red-300": "oklch(80.64% 0.143 16.12)",
  "--amino-red-400": "oklch(72% 0.223 19.87)",
  "--amino-red-50": "oklch(97.06% 0.019 11.85)",
  "--amino-red-500": "oklch(64% 0.277 24.49)",
  "--amino-red-600": "oklch(59.01% 0.271 26.85)",
  "--amino-red-700": "oklch(52.01% 0.239 27.19)",
  "--amino-red-800": "oklch(44.01% 0.202 26.52)",
  "--amino-red-900": "oklch(39% 0.175 24.75)",
  "--amino-red-950": "oklch(25.5% 0.11 25.17)",
  "--amino-shadow-button-danger": "0px 0px 0px 1px var(--amino-red-500), 0px 1px 0px 0px rgba(255, 255, 255, 0.16) inset, 0px 0px 0px 4px rgba(0, 0, 0, 0.00), 0px -1px 0px 0px rgba(255, 255, 255, 0.06) inset, 0px 2px 2px -1px rgba(138, 2, 13, 0.24), 0px 4px 4px -2px rgba(138, 2, 13, 0.12)",
  "--amino-shadow-button-danger-focus": "0px 0px 0px 1px var(--amino-red-500), 0px 1px 0px 0px rgba(255, 255, 255, 0.16) inset, 0px 0px 0px 4px rgba(0, 0, 0, 0.12), 0px -1px 0px 0px rgba(255, 255, 255, 0.06) inset, 0px 2px 2px -1px rgba(138, 2, 13, 0.24), 0px 4px 4px -2px rgba(138, 2, 13, 0.12)",
  "--amino-shadow-button-disabled": "0px 0px 0px 1px var(--amino-gray-500), 0px 1px 0px 0px rgba(255, 255, 255, 0.16) inset, 0px 0px 0px 4px rgba(0, 0, 0, 0.00), 0px -1px 0px 0px rgba(255, 255, 255, 0.06) inset, 0px 2px 2px -1px rgba(0, 0, 0, 0.24), 0px 4px 4px -2px rgba(0, 0, 0, 0.12), 0px 0px 0px 4px rgba(0, 0, 0, 0.00)",
  "--amino-shadow-button-primary": "0px 0px 0px 1px var(--amino-primary), 0px 1px 0px 0px rgba(255, 255, 255, 0.16) inset, 0px 0px 0px 4px rgba(0, 0, 0, 0.0), 0px -1px 0px 0px rgba(255, 255, 255, 0.08) inset, 0px 2px 2px -1px rgba(47, 54, 159, 0.24), 0px 4px 4px -2px rgba(47, 54, 159, 0.12)",
  "--amino-shadow-button-primary-focus": "0px 0px 0px 1px var(--amino-primary), 0px 1px 0px 0px rgba(255, 255, 255, 0.16) inset, 0px 0px 0px 4px rgba(0, 0, 0, 0.12), 0px -1px 0px 0px rgba(255, 255, 255, 0.08) inset, 0px 2px 2px -1px rgba(47, 54, 159, 0.24), 0px 4px 4px -2px rgba(47, 54, 159, 0.12)",
  "--amino-shadow-button-success": "0px 0px 0px 1px var(--amino-green-500), 0px 1px 0px 0px rgba(255, 255, 255, 0.16) inset, 0px 0px 0px 4px rgba(0, 0, 0, 0.00), 0px -1px 0px 0px rgba(255, 255, 255, 0.06) inset, 0px 2px 2px -1px rgba(1, 87, 31, 0.24), 0px 4px 4px -2px rgba(1, 87, 31, 0.12)",
  "--amino-shadow-button-success-focus": "0px 0px 0px 1px var(--amino-green-500), 0px 1px 0px 0px rgba(255, 255, 255, 0.16) inset, 0px 0px 0px 4px rgba(0, 0, 0, 0.12), 0px -1px 0px 0px rgba(255, 255, 255, 0.06) inset, 0px 2px 2px -1px rgba(1, 87, 31, 0.24), 0px 4px 4px -2px rgba(1, 87, 31, 0.12)",
  "--amino-shadow-button-warning": "0px 0px 0px 1px var(--amino-orange-500), 0px 1px 0px 0px rgba(255, 255, 255, 0.16) inset, 0px 0px 0px 4px rgba(0, 0, 0, 0.00), 0px -1px 0px 0px rgba(255, 255, 255, 0.06) inset, 0px 2px 2px -1px rgba(123, 41, 5, 0.24), 0px 4px 4px -2px rgba(123, 41, 5, 0.12)",
  "--amino-shadow-button-warning-focus": "0px 0px 0px 1px var(--amino-orange-500), 0px 1px 0px 0px rgba(255, 255, 255, 0.16) inset, 0px 0px 0px 4px rgba(0, 0, 0, 0.12), 0px -1px 0px 0px rgba(255, 255, 255, 0.06) inset, 0px 2px 2px -1px rgba(123, 41, 5, 0.24), 0px 4px 4px -2px rgba(123, 41, 5, 0.12)",
  "--amino-shadow-input-base": "0px 0px 0px 1px var(--amino-gray-200), 0px 0px 0px 4px rgba(0, 0, 0, 0.00)",
  "--amino-shadow-input-error": "0px 0px 0px 1px var(--amino-red-600), 0px 0px 0px 4px rgba(221, 49, 75, 0.00)",
  "--amino-shadow-input-error-focus": "0px 0px 0px 1px var(--amino-red-600), 0px 0px 0px 4px rgba(221, 49, 75, 0.12)",
  "--amino-shadow-input-focus": "0px 0px 0px 1px var(--amino-gray-300), 0px 0px 0px 4px rgba(0, 0, 0, 0.08)",
  "--amino-shadow-raised-active": "0px 1px 1px -0.5px rgba(0, 0, 0, 0.08), 0px 2px 2px -1px rgba(0, 0, 0, 0.08), 0px 4px 4px -2px rgba(0, 0, 0, 0.08), 0px 0px 0px 1px rgba(0, 0, 0, 0.12), 0px 0px 0px 4px rgba(0, 0, 0, 0.00)",
  "--amino-shadow-raised-error": "0px 1px 1px -0.5px rgba(0, 0, 0, 0.08), 0px 2px 2px -1px rgba(0, 0, 0, 0.08), 0px 4px 4px -2px rgba(0, 0, 0, 0.08), 0px 0px 0px 1px var(--amino-red-600), 0px 0px 0px 4px rgba(221, 49, 75, 0.00)",
  "--amino-shadow-raised-error-focus": "0px 1px 1px -0.5px rgba(0, 0, 0, 0.08), 0px 2px 2px -1px rgba(0, 0, 0, 0.08), 0px 4px 4px -2px rgba(0, 0, 0, 0.08), 0px 0px 0px 1px var(--amino-red-600), 0px 0px 0px 4px rgba(221, 49, 75, 0.12)",
  "--amino-shadow-raised-focus": "0px 1px 1px -0.5px rgba(0, 0, 0, 0.08), 0px 2px 2px -1px rgba(0, 0, 0, 0.08), 0px 4px 4px -2px rgba(0, 0, 0, 0.08), 0px 0px 0px 1px rgba(0, 0, 0, 0.12), 0px 0px 0px 4px rgba(0, 0, 0, 0.08)",
  "--amino-shadow-raised-standard": "0px 1px 1px -0.5px rgba(0, 0, 0, 0.08), 0px 2px 2px -1px rgba(0, 0, 0, 0.08), 0px 4px 4px -2px rgba(0, 0, 0, 0.08), 0px 0px 0px 1px rgba(0, 0, 0, 0.12), 0px 0px 0px 4px rgba(0, 0, 0, 0.00)",
  "--amino-shadow-select-active": "0px 1px 3px 0px oklch(64.68% 0.21157 249.91 / 0.04), 0px 0px 0px 1px var(--amino-blue-500) inset, 0px -1px 1px 1px oklch(64.68% 0.21157 249.91 / 0.12) inset",
  "--amino-shadow-select-base": "0px 1px 3px 0px rgba(110, 110, 120, 0.12), 0px -1px 1px 1px rgba(0, 0, 0, 0.08) inset, 0px 0px 0px 1px rgba(106, 109, 119, 0.12) inset",
  "--amino-shadow-select-error": "0px 1px 3px 0px oklch(64% 0.277 24.49 / 0.04), 0px 0px 0px 1px var(--amino-red-500) inset, 0px -1px 1px 1px oklch(64% 0.277 24.49 / 0.12) inset",
  "--amino-sidebar-color": "var(--amino-gray-0)",
  "--amino-sidebar-width": "232px",
  "--amino-size-lg": "48px",
  "--amino-size-md": "40px",
  "--amino-size-sm": "32px",
  "--amino-size-xl": "56px",
  "--amino-space-0": "0",
  "--amino-space-12": "0.75rem",
  "--amino-space-16": "1rem",
  "--amino-space-20": "1.25rem",
  "--amino-space-24": "1.5rem",
  "--amino-space-28": "1.75rem",
  "--amino-space-32": "2rem",
  "--amino-space-36": "2.25rem",
  "--amino-space-4": "0.25rem",
  "--amino-space-40": "2.5rem",
  "--amino-space-44": "2.75rem",
  "--amino-space-48": "3rem",
  "--amino-space-52": "3.25rem",
  "--amino-space-56": "3.5rem",
  "--amino-space-60": "3.75rem",
  "--amino-space-64": "4rem",
  "--amino-space-68": "4.25rem",
  "--amino-space-72": "4.5rem",
  "--amino-space-76": "4.75rem",
  "--amino-space-8": "0.5rem",
  "--amino-space-80": "5rem",
  "--amino-space-negative-12": "-0.75rem",
  "--amino-space-negative-16": "-1rem",
  "--amino-space-negative-20": "-1.25rem",
  "--amino-space-negative-24": "-1.5rem",
  "--amino-space-negative-28": "-1.75rem",
  "--amino-space-negative-32": "-2rem",
  "--amino-space-negative-36": "-2.25rem",
  "--amino-space-negative-4": "-0.25rem",
  "--amino-space-negative-40": "-2.5rem",
  "--amino-space-negative-44": "-2.75rem",
  "--amino-space-negative-48": "-3rem",
  "--amino-space-negative-52": "-3.25rem",
  "--amino-space-negative-56": "-3.5rem",
  "--amino-space-negative-60": "-3.75rem",
  "--amino-space-negative-64": "-4rem",
  "--amino-space-negative-68": "-4.25rem",
  "--amino-space-negative-72": "-4.5rem",
  "--amino-space-negative-76": "-4.75rem",
  "--amino-space-negative-8": "-0.5rem",
  "--amino-space-negative-80": "-5rem",
  "--amino-spinner-stroke-black": "#0c0c0c",
  "--amino-spinner-stroke-white": "#FFFFFF",
  "--amino-spinner-track-black": "rgba(0, 0, 0, 0.3)",
  "--amino-spinner-track-white": "rgba(255, 255, 255, 0.3)",
  "--amino-success": "var(--amino-green-500)",
  "--amino-success-dark": "var(--amino-green-700)",
  "--amino-surface-color": "var(--amino-gray-0)",
  "--amino-surface-color-secondary": "var(--amino-gray-50)",
  "--amino-text-color": "var(--amino-gray-1000)",
  "--amino-text-color-secondary": "var(--amino-gray-700)",
  "--amino-toast-elevation": "var(--amino-elevation-500)",
  "--amino-transition": "all 0.2s ease-in-out 0s, visibility 0s",
  "--amino-transparent-black": "#101116BB",
  "--amino-transparent-gray-600": "#6A6D771F",
  "--amino-transparent-white": "#FFFFFFBB",
  "--amino-type-scale-base": "16px",
  "--amino-v3-shadow-base": "0px 1px 3px 0px rgba(10, 10, 11, 0.1), 0px 1px 2px rgba(10, 10, 11, 0.06), 0px 0px 0px 1px rgba(110, 110, 120, 0.1)",
  "--amino-v3-shadow-inset": "0px 2px 4px rgba(0, 0, 0, 0.04), 0px 1px 0px 0px rgba(255, 255, 255, 1), inset 0px 0px 8px rgba(0, 0, 0, 0.02), inset 0px 0px 0px 0.5px rgba(0, 0, 0, 0.06), inset 0px 2px 4px rgba(0, 0, 0, 0.04), inset 0px 1px 1px rgba(0, 0, 0, 0.04)",
  "--amino-v3-shadow-large": "0px 4px 6px 0px rgba(10, 10, 11, 0.05), 0px 10px 15px rgba(10, 10, 11, 0.1), 0px 0px 0px 1px rgba(110, 110, 120, 0.1)",
  "--amino-v3-shadow-medium": "0px 2px 4px 0px rgba(10, 10, 11, 0.06), 0px 4px 6px rgba(10, 10, 11, 0.1), 0px 0px 0px 1px rgba(110, 110, 120, 0.1)",
  "--amino-v3-shadow-xl": "0px 10px 10px 0px rgba(12, 12, 13, 0.04), 0px 20px 25px rgba(10, 10, 11, 0.1), 0px 0px 0px 1px rgba(110, 110, 120, 0.1)",
  "--amino-v3-shadow-xxl": "0px 32px 50px 0px rgba(10, 10, 11, 0.24), 0px 0px 0px 1px rgba(110, 110, 120, 0.1)",
  "--amino-warning": "var(--amino-orange-500)",
  "--amino-warning-dark": "var(--amino-orange-600)",
}
`;
