// Vitest Snapshot v1, https://vitest.dev/guide/snapshot.html

exports[`Theme content: 1`] = `
{
  "--amino-appbar-elevation": "var(--amino-elevation-500)",
  "--amino-appbar-height": "55px",
  "--amino-backdrop-color": "#000000",
  "--amino-blue-100": "#DAE7FC",
  "--amino-blue-200": "#C2D6FB",
  "--amino-blue-300": "#98B6F8",
  "--amino-blue-400": "#678FF3",
  "--amino-blue-50": "#E7F0FE",
  "--amino-blue-500": "#446FEE",
  "--amino-blue-600": "#2E55E2",
  "--amino-blue-700": "#2544D0",
  "--amino-blue-800": "#2438A9",
  "--amino-blue-900": "#232E85",
  "--amino-blue-950": "#1A1F51",
  "--amino-border": "1px solid var(--amino-border-color)",
  "--amino-border-amber": "1px solid var(--amino-amber-500)",
  "--amino-border-blue": "1px solid var(--amino-blue-500)",
  "--amino-border-color": "var(--amino-gray-200)",
  "--amino-border-cyan": "1px solid var(--amino-cyan-500)",
  "--amino-border-green": "1px solid var(--amino-green-500)",
  "--amino-border-orange": "1px solid var(--amino-orange-500)",
  "--amino-border-purple": "1px solid var(--amino-purple-500)",
  "--amino-border-red": "1px solid var(--amino-red-500)",
  "--amino-border-subtle": "1px solid var(--amino-gray-100)",
  "--amino-border-transparent": "1px solid transparent",
  "--amino-button-danger-hover": "linear-gradient(180deg, #EE4559 0%, #DD314B 100%)",
  "--amino-button-focus-ring": "0 0 0 2px var(--amino-blue-500)",
  "--amino-button-primary-hover": "linear-gradient(180deg, #446FEE 0%, #2E55E2 100%)",
  "--amino-button-standard-hover": "linear-gradient(180deg, var(--amino-gray-0) 0%, var(--amino-gray-50) 100%)",
  "--amino-button-success-hover": "linear-gradient(180deg, #37B04A 0%, #2CA041 100%)",
  "--amino-button-warning-hover": "linear-gradient(180deg, #EC6F23 0%, #E5611A 100%)",
  "--amino-cyan-100": "#D6FFFE",
  "--amino-cyan-200": "#C0F2F2",
  "--amino-cyan-300": "#9BE7E9",
  "--amino-cyan-400": "#66D5DB",
  "--amino-cyan-50": "#E6FEFD",
  "--amino-cyan-500": "#3EC4D0",
  "--amino-cyan-600": "#2CA0AF",
  "--amino-cyan-700": "#29818E",
  "--amino-cyan-800": "#25646F",
  "--amino-cyan-900": "#1D464E",
  "--amino-cyan-950": "#152D32",
  "--amino-danger": "var(--amino-red-500)",
  "--amino-danger-dark": "var(--amino-red-700)",
  "--amino-dialog-elevation": "var(--amino-elevation-400)",
  "--amino-elevation-0": "0",
  "--amino-elevation-100": "100",
  "--amino-elevation-200": "200",
  "--amino-elevation-300": "300",
  "--amino-elevation-400": "400",
  "--amino-elevation-500": "500",
  "--amino-error": "var(--amino-red-500)",
  "--amino-focus-button": "0px 0px 0px 1px var(--amino-gray-0) inset, var(--amino-button-focus-ring)",
  "--amino-focus-button-standard": "0px 0px 0px 1px var(--amino-transparent-gray-600) inset, var(--amino-button-focus-ring)",
  "--amino-font-harmonized-codes": "'Fira Code', var(--amino-font-sans)",
  "--amino-font-mono": "Operator Mono, MonoLisa, Dank Mono, Menlo, Monaco, Lucida Console, Liberation Mono, DejaVu Sans Mono, Bitstream Vera Sans Mono, Courier New, monospace",
  "--amino-font-sans": "'Inter', -apple-system, BlinkMacSystemFont, 'Segoe UI', 'Roboto', 'Oxygen', 'Ubuntu', 'Cantarell', 'Fira Sans', 'Droid Sans', 'Helvetica Neue', sans-serif",
  "--amino-font-size-2xl": "1.5rem",
  "--amino-font-size-3xl": "1.875rem",
  "--amino-font-size-base": "0.813rem",
  "--amino-font-size-base-docs": "1rem",
  "--amino-font-size-l": "1.125rem",
  "--amino-font-size-s": "0.75rem",
  "--amino-font-size-xl": "1.25rem",
  "--amino-font-size-xs": "0.688rem",
  "--amino-glass-0": "#10111600",
  "--amino-glass-100": "#10111614",
  "--amino-glass-1000": "#101116EF",
  "--amino-glass-200": "#10111626",
  "--amino-glass-300": "#1011163D",
  "--amino-glass-400": "#10111656",
  "--amino-glass-50": "#1011160A",
  "--amino-glass-500": "#10111670",
  "--amino-glass-600": "#1011169B",
  "--amino-glass-700": "#101116AD",
  "--amino-glass-800": "#101116BC",
  "--amino-glass-900": "#101116C6",
  "--amino-glass-950": "#101116DD",
  "--amino-glow-blue": "0 0 0 1px var(--amino-primary)",
  "--amino-glow-cyan": "0 0 0 1px var(--amino-cyan-500)",
  "--amino-glow-error": "0 0 0 1px var(--amino-red-500)",
  "--amino-glow-green": "0 0 0 1px var(--amino-green-500)",
  "--amino-glow-orange": "0 0 0 1px var(--amino-orange-500)",
  "--amino-glow-purple": "0 0 0 1px var(--amino-purple-500)",
  "--amino-glow-red": "0 0 0 1px var(--amino-red-500)",
  "--amino-gray-0": "#FFFFFF",
  "--amino-gray-100": "#E8EAEE",
  "--amino-gray-1000": "#0F1015",
  "--amino-gray-200": "#DFE2E7",
  "--amino-gray-300": "#BCC3CD",
  "--amino-gray-400": "#8A95A8",
  "--amino-gray-50": "#F4F5F6",
  "--amino-gray-500": "#68748D",
  "--amino-gray-600": "#555D72",
  "--amino-gray-700": "#454C5E",
  "--amino-gray-800": "#343846",
  "--amino-gray-900": "#272A35",
  "--amino-gray-950": "#1E2029",
  "--amino-green-100": "#E0F8E0",
  "--amino-green-200": "#C3EFC5",
  "--amino-green-300": "#93E29A",
  "--amino-green-400": "#5DCB6A",
  "--amino-green-50": "#F0FAEF",
  "--amino-green-500": "#37B04A",
  "--amino-green-600": "#2CA041",
  "--amino-green-700": "#237234",
  "--amino-green-800": "#205B2F",
  "--amino-green-900": "#1C4B29",
  "--amino-green-950": "#0A2914",
  "--amino-header-color": "var(--amino-gray-0)",
  "--amino-hover-color": "var(--amino-gray-50)",
  "--amino-input-background": "inherit",
  "--amino-line-height-2xl": "2.5rem",
  "--amino-line-height-3xl": "3rem",
  "--amino-line-height-base": "1.5rem",
  "--amino-line-height-l": "1.5rem",
  "--amino-line-height-s": "1rem",
  "--amino-line-height-xl": "2rem",
  "--amino-line-height-xs": "0.75rem",
  "--amino-opacity-disabled": "0.6",
  "--amino-orange-100": "#FDEBD7",
  "--amino-orange-200": "#F9D3AF",
  "--amino-orange-300": "#F5B27C",
  "--amino-orange-400": "#F08E47",
  "--amino-orange-50": "#FEF4E7",
  "--amino-orange-500": "#EC6F23",
  "--amino-orange-600": "#E5611A",
  "--amino-orange-700": "#B74A17",
  "--amino-orange-800": "#923C1A",
  "--amino-orange-900": "#763018",
  "--amino-orange-950": "#3F160B",
  "--amino-page-background": "var(--amino-gray-0)",
  "--amino-primary": "var(--amino-blue-500)",
  "--amino-primary-dark": "var(--amino-blue-800)",
  "--amino-primary-light": "var(--amino-blue-400)",
  "--amino-purple-100": "#FAE8FF",
  "--amino-purple-200": "#F4D4FF",
  "--amino-purple-300": "#E9B2FF",
  "--amino-purple-400": "#D782FE",
  "--amino-purple-50": "#FCF0FF",
  "--amino-purple-500": "#C052FA",
  "--amino-purple-600": "#A126ED",
  "--amino-purple-700": "#871ED2",
  "--amino-purple-800": "#6C1EAB",
  "--amino-purple-900": "#4E1881",
  "--amino-purple-950": "#2F055C",
  "--amino-radius-10": "0.625rem",
  "--amino-radius-12": "0.75rem",
  "--amino-radius-4": "0.25rem",
  "--amino-radius-6": "0.375rem",
  "--amino-radius-8": "0.5rem",
  "--amino-raised-color-secondary": "var(--amino-gray-50)",
  "--amino-raised-surface-color": "var(--amino-gray-0)",
  "--amino-red-100": "#FEE5E5",
  "--amino-red-200": "#FCCFD0",
  "--amino-red-300": "#FAA7AB",
  "--amino-red-400": "#F67681",
  "--amino-red-50": "#FFECEB",
  "--amino-red-500": "#EE4559",
  "--amino-red-600": "#DD314B",
  "--amino-red-700": "#B81835",
  "--amino-red-800": "#9A1734",
  "--amino-red-900": "#75142D",
  "--amino-red-950": "#49081A",
  "--amino-shadow-button-danger": "0px 0px 0px 1px rgba(0, 0, 0, 0.08) inset, 0px 1px 3px 0px rgba(238, 69, 89, 0.40), 0px -1px 1px 0px rgba(0, 0, 0, 0.20) inset",
  "--amino-shadow-button-disabled": "0px 1px 3px 0px rgba(16, 17, 22, 0.2), 0px -1px 1px 1px rgba(0, 0, 0, 0.08) inset",
  "--amino-shadow-button-primary": "0px 0px 0px 1px var(----amino-primary, #4F79F2), 0px 1px 0px 0px rgba(255, 255, 255, 0.08) inset, 0px -1px 0px 0px rgba(255, 255, 255, 0.04) inset, 0px 2px 2px -1px rgba(47, 54, 159, 0.24), 0px 4px 4px -2px rgba(47, 54, 159, 0.12), 0px 0px 0px 4px rgba(0, 0, 0, 0.00)",
  "--amino-shadow-button-primary-focus": "0px 0px 0px 1px var(----amino-primary, #4F79F2), 0px 1px 0px 0px rgba(255, 255, 255, 0.08) inset, 0px -1px 0px 0px rgba(255, 255, 255, 0.04) inset, 0px 2px 2px -1px rgba(47, 54, 159, 0.24), 0px 4px 4px -2px rgba(47, 54, 159, 0.12), 0px 0px 0px 4px rgba(0, 0, 0, 0.08)",
  "--amino-shadow-button-success": "0px 0px 0px 1px rgba(0, 0, 0, 0.08) inset, 0px 1px 3px 0px rgba(55, 176, 74, 0.40), 0px -1px 1px 0px rgba(0, 0, 0, 0.20) inset",
  "--amino-shadow-button-warning": "0px 0px 0px 1px rgba(0, 0, 0, 0.08) inset, 0px 1px 3px 0px rgba(236, 111, 35, 0.40), 0px -1px 1px 0px rgba(0, 0, 0, 0.20) inset",
  "--amino-shadow-input-base": "0px 0px 0px 1px var(--amino-gray-200), 0px 0px 0px 4px rgba(0, 0, 0, 0.00)",
  "--amino-shadow-input-error": "0px 0px 0px 1px var(--amino-red-600), 0px 0px 0px 4px rgba(221, 49, 75, 0.00)",
  "--amino-shadow-input-error-focus": "0px 0px 0px 1px var(--amino-red-600), 0px 0px 0px 4px rgba(221, 49, 75, 0.12)",
  "--amino-shadow-input-focus": "0px 0px 0px 1px var(--amino-gray-300), 0px 0px 0px 4px rgba(0, 0, 0, 0.08)",
  "--amino-shadow-raised-active": "0px 1px 1px -0.5px rgba(0, 0, 0, 0.08), 0px 2px 2px -1px rgba(0, 0, 0, 0.08), 0px 4px 4px -2px rgba(0, 0, 0, 0.08), 0px 0px 0px 1px rgba(0, 0, 0, 0.12), 0px 0px 0px 4px rgba(0, 0, 0, 0.00)",
  "--amino-shadow-raised-error": "0px 1px 1px -0.5px rgba(0, 0, 0, 0.08), 0px 2px 2px -1px rgba(0, 0, 0, 0.08), 0px 4px 4px -2px rgba(0, 0, 0, 0.08), 0px 0px 0px 1px var(--amino-red-600), 0px 0px 0px 4px rgba(221, 49, 75, 0.00)",
  "--amino-shadow-raised-error-focus": "0px 1px 1px -0.5px rgba(0, 0, 0, 0.08), 0px 2px 2px -1px rgba(0, 0, 0, 0.08), 0px 4px 4px -2px rgba(0, 0, 0, 0.08), 0px 0px 0px 1px var(--amino-red-600), 0px 0px 0px 4px rgba(221, 49, 75, 0.12)",
  "--amino-shadow-raised-focus": "0px 1px 1px -0.5px rgba(0, 0, 0, 0.08), 0px 2px 2px -1px rgba(0, 0, 0, 0.08), 0px 4px 4px -2px rgba(0, 0, 0, 0.08), 0px 0px 0px 1px rgba(0, 0, 0, 0.12), 0px 0px 0px 4px rgba(0, 0, 0, 0.08)",
  "--amino-shadow-raised-standard": "0px 1px 1px -0.5px rgba(0, 0, 0, 0.08), 0px 2px 2px -1px rgba(0, 0, 0, 0.08), 0px 4px 4px -2px rgba(0, 0, 0, 0.08), 0px 0px 0px 1px rgba(0, 0, 0, 0.12), 0px 0px 0px 4px rgba(0, 0, 0, 0.00)",
  "--amino-shadow-select-active": "0px 1px 3px 0px rgba(68, 94, 238, 0.40), 0px 0px 0px 1px #445EEE inset, 0px -1px 1px 1px rgba(68, 94, 238, 0.12) inset",
  "--amino-shadow-select-base": "0px 1px 3px 0px rgba(110, 110, 120, 0.12), 0px -1px 1px 1px rgba(0, 0, 0, 0.08) inset, 0px 0px 0px 1px rgba(106, 109, 119, 0.12) inset",
  "--amino-shadow-select-error": "0px 1px 3px 0px rgba(221, 49, 78, 0.40), 0px 0px 0px 1px #DD314E inset, 0px -1px 1px 1px rgba(221, 49, 78, 0.12) inset",
  "--amino-sidebar-color": "var(--amino-gray-0)",
  "--amino-sidebar-width": "232px",
  "--amino-size-lg": "48px",
  "--amino-size-md": "40px",
  "--amino-size-sm": "32px",
  "--amino-size-xl": "56px",
  "--amino-space-0": "0",
  "--amino-space-12": "0.75rem",
  "--amino-space-16": "1rem",
  "--amino-space-20": "1.25rem",
  "--amino-space-24": "1.5rem",
  "--amino-space-28": "1.75rem",
  "--amino-space-32": "2rem",
  "--amino-space-36": "2.25rem",
  "--amino-space-4": "0.25rem",
  "--amino-space-40": "2.5rem",
  "--amino-space-44": "2.75rem",
  "--amino-space-48": "3rem",
  "--amino-space-52": "3.25rem",
  "--amino-space-56": "3.5rem",
  "--amino-space-60": "3.75rem",
  "--amino-space-64": "4rem",
  "--amino-space-68": "4.25rem",
  "--amino-space-72": "4.5rem",
  "--amino-space-76": "4.75rem",
  "--amino-space-8": "0.5rem",
  "--amino-space-80": "5rem",
  "--amino-space-negative-12": "-0.75rem",
  "--amino-space-negative-16": "-1rem",
  "--amino-space-negative-20": "-1.25rem",
  "--amino-space-negative-24": "-1.5rem",
  "--amino-space-negative-28": "-1.75rem",
  "--amino-space-negative-32": "-2rem",
  "--amino-space-negative-36": "-2.25rem",
  "--amino-space-negative-4": "-0.25rem",
  "--amino-space-negative-40": "-2.5rem",
  "--amino-space-negative-44": "-2.75rem",
  "--amino-space-negative-48": "-3rem",
  "--amino-space-negative-52": "-3.25rem",
  "--amino-space-negative-56": "-3.5rem",
  "--amino-space-negative-60": "-3.75rem",
  "--amino-space-negative-64": "-4rem",
  "--amino-space-negative-68": "-4.25rem",
  "--amino-space-negative-72": "-4.5rem",
  "--amino-space-negative-76": "-4.75rem",
  "--amino-space-negative-8": "-0.5rem",
  "--amino-space-negative-80": "-5rem",
  "--amino-spinner-stroke-black": "#0c0c0c",
  "--amino-spinner-stroke-white": "#FFFFFF",
  "--amino-spinner-track-black": "rgba(0, 0, 0, 0.3)",
  "--amino-spinner-track-white": "rgba(255, 255, 255, 0.3)",
  "--amino-success": "var(--amino-green-500)",
  "--amino-success-dark": "var(--amino-green-700)",
  "--amino-surface-color": "var(--amino-gray-0)",
  "--amino-surface-color-secondary": "var(--amino-gray-50)",
  "--amino-text-color": "var(--amino-gray-1000)",
  "--amino-text-color-secondary": "var(--amino-gray-700)",
  "--amino-toast-elevation": "var(--amino-elevation-500)",
  "--amino-transition": "all 0.2s ease-in-out 0s, visibility 0s",
  "--amino-transparent-black": "#101116BB",
  "--amino-transparent-gray-600": "#6A6D771F",
  "--amino-transparent-white": "#FFFFFFBB",
  "--amino-type-scale-base": "16px",
  "--amino-v3-shadow-base": "0px 1px 3px 0px rgba(10, 10, 11, 0.1), 0px 1px 2px rgba(10, 10, 11, 0.06), 0px 0px 0px 1px rgba(110, 110, 120, 0.1)",
  "--amino-v3-shadow-inset": "0px 2px 4px rgba(0, 0, 0, 0.04), 0px 1px 0px 0px rgba(255, 255, 255, 1), inset 0px 0px 8px rgba(0, 0, 0, 0.02), inset 0px 0px 0px 0.5px rgba(0, 0, 0, 0.06), inset 0px 2px 4px rgba(0, 0, 0, 0.04), inset 0px 1px 1px rgba(0, 0, 0, 0.04)",
  "--amino-v3-shadow-large": "0px 4px 6px 0px rgba(10, 10, 11, 0.05), 0px 10px 15px rgba(10, 10, 11, 0.1), 0px 0px 0px 1px rgba(110, 110, 120, 0.1)",
  "--amino-v3-shadow-medium": "0px 2px 4px 0px rgba(10, 10, 11, 0.06), 0px 4px 6px rgba(10, 10, 11, 0.1), 0px 0px 0px 1px rgba(110, 110, 120, 0.1)",
  "--amino-v3-shadow-xl": "0px 10px 10px 0px rgba(12, 12, 13, 0.04), 0px 20px 25px rgba(10, 10, 11, 0.1), 0px 0px 0px 1px rgba(110, 110, 120, 0.1)",
  "--amino-v3-shadow-xxl": "0px 32px 50px 0px rgba(10, 10, 11, 0.24), 0px 0px 0px 1px rgba(110, 110, 120, 0.1)",
  "--amino-warning": "var(--amino-orange-500)",
  "--amino-warning-dark": "var(--amino-orange-600)",
}
`;
