// Vitest Snapshot v1, https://vitest.dev/guide/snapshot.html

exports[`Make sure all generated color constants matched previous snapshot > _spacing.ts 1`] = `
"export const spacing = {
  /** @info space-negative-80: -5rem (-80px) */
  'space-negative-80': '-5rem',
  /** @info space-negative-76: -4.75rem (-76px) */
  'space-negative-76': '-4.75rem',
  /** @info space-negative-72: -4.5rem (-72px) */
  'space-negative-72': '-4.5rem',
  /** @info space-negative-68: -4.25rem (-68px) */
  'space-negative-68': '-4.25rem',
  /** @info space-negative-64: -4rem (-64px) */
  'space-negative-64': '-4rem',
  /** @info space-negative-60: -3.75rem (-60px) */
  'space-negative-60': '-3.75rem',
  /** @info space-negative-56: -3.5rem (-56px) */
  'space-negative-56': '-3.5rem',
  /** @info space-negative-52: -3.25rem (-52px) */
  'space-negative-52': '-3.25rem',
  /** @info space-negative-48: -3rem (-48px) */
  'space-negative-48': '-3rem',
  /** @info space-negative-44: -2.75rem (-44px) */
  'space-negative-44': '-2.75rem',
  /** @info space-negative-40: -2.5rem (-40px) */
  'space-negative-40': '-2.5rem',
  /** @info space-negative-36: -2.25rem (-36px) */
  'space-negative-36': '-2.25rem',
  /** @info space-negative-32: -2rem (-32px) */
  'space-negative-32': '-2rem',
  /** @info space-negative-28: -1.75rem (-28px) */
  'space-negative-28': '-1.75rem',
  /** @info space-negative-24: -1.5rem (-24px) */
  'space-negative-24': '-1.5rem',
  /** @info space-negative-20: -1.25rem (-20px) */
  'space-negative-20': '-1.25rem',
  /** @info space-negative-16: -1rem (-16px) */
  'space-negative-16': '-1rem',
  /** @info space-negative-12: -0.75rem (-12px) */
  'space-negative-12': '-0.75rem',
  /** @info space-negative-8: -0.5rem (-8px) */
  'space-negative-8': '-0.5rem',
  /** @info space-negative-4: -0.25rem (-4px) */
  'space-negative-4': '-0.25rem',
  /** @info space-0: 0 (0) */
  'space-0': '0',
  /** @info space-4: 0.25rem (4px) */
  'space-4': '0.25rem',
  /** @info space-8: 0.5rem (8px) */
  'space-8': '0.5rem',
  /** @info space-12: 0.75rem (12px) */
  'space-12': '0.75rem',
  /** @info space-16: 1rem (16px) */
  'space-16': '1rem',
  /** @info space-20: 1.25rem (20px) */
  'space-20': '1.25rem',
  /** @info space-24: 1.5rem (24px) */
  'space-24': '1.5rem',
  /** @info space-28: 1.75rem (28px) */
  'space-28': '1.75rem',
  /** @info space-32: 2rem (32px) */
  'space-32': '2rem',
  /** @info space-36: 2.25rem (36px) */
  'space-36': '2.25rem',
  /** @info space-40: 2.5rem (40px) */
  'space-40': '2.5rem',
  /** @info space-44: 2.75rem (44px) */
  'space-44': '2.75rem',
  /** @info space-48: 3rem (48px) */
  'space-48': '3rem',
  /** @info space-52: 3.25rem (52px) */
  'space-52': '3.25rem',
  /** @info space-56: 3.5rem (56px) */
  'space-56': '3.5rem',
  /** @info space-60: 3.75rem (60px) */
  'space-60': '3.75rem',
  /** @info space-64: 4rem (64px) */
  'space-64': '4rem',
  /** @info space-68: 4.25rem (68px) */
  'space-68': '4.25rem',
  /** @info space-72: 4.5rem (72px) */
  'space-72': '4.5rem',
  /** @info space-76: 4.75rem (76px) */
  'space-76': '4.75rem',
  /** @info space-80: 5rem (80px) */
  'space-80': '5rem',
} as const;
"
`;

exports[`Make sure all generated color constants matched previous snapshot > _variablesUsingColors.ts 1`] = `
"export const variablesUsingColors = {
  /* BORDER */
  border: '1px solid var(--amino-border-color)',
  'border-blue': '1px solid var(--amino-blue-500)',
  'border-red': '1px solid var(--amino-red-400)',
  'border-cyan': '1px solid var(--amino-cyan-400)',
  'border-orange': '1px solid var(--amino-orange-400)',
  'border-green': '1px solid var(--amino-green-400)',
  'border-purple': '1px solid var(--amino-purple-400)',
  'border-amber': '1px solid var(--amino-amber-400)',
  'border-transparent': '1px solid transparent',

  /* LAYOUT STYLE */
  'sidebar-color': 'var(--amino-gray-0)',
  'header-color': 'var(--amino-gray-0)',

  /* INTENT COLOR */
  danger: 'var(--amino-red-600)',
  'danger-dark': 'var(--amino-red-700)',
  error: 'var(--amino-red-600)',
  primary: 'var(--amino-blue-600)',
  'primary-light': 'var(--amino-blue-500)',
  'primary-dark': 'var(--amino-blue-800)',
  success: 'var(--amino-green-600)',
  'success-dark': 'var(--amino-green-700)',
  warning: 'var(--amino-orange-600)',
  'warning-dark': 'var(--amino-orange-600)',

  /* GLOW COLOR */
  'glow-error': '0 0 0 1px var(--amino-red-600)',
  'glow-blue': '0 0 0 1px var(--amino-primary)',
  'glow-cyan': '0 0 0 1px var(--amino-cyan-600)',
  'glow-red': '0 0 0 1px var(--amino-red-600)',
  'glow-orange': '0 0 0 1px var(--amino-orange-600)',
  'glow-green': '0 0 0 1px var(--amino-green-600)',
  'glow-purple': '0 0 0 1px var(--amino-purple-600)',

  /* LAYOUT COLOR */
  'page-background': 'var(--amino-gray-0)',
  'border-color': 'var(--amino-gray-200)',
  'hover-color': 'var(--amino-gray-50)',
  'text-color': 'var(--amino-gray-1000)',
  'text-color-secondary': 'var(--amino-gray-800)',

  /* BUTTON FOCUS */
  'focus-button-standard':
    '0px 0px 0px 1px var(--amino-transparent-gray-600) inset, var(--amino-button-focus-ring)',
  'focus-button':
    '0px 0px 0px 1px var(--amino-gray-0) inset, var(--amino-button-focus-ring)',
} as const;
"
`;
