// Vitest Snapshot v1, https://vitest.dev/guide/snapshot.html

exports[`Case light theme 1`] = `
"export const theme = {
  /** @info all 0.2s ease-in-out 0s, visibility 0s */
  /* THIS IS GENERATED VARIABLE! DON'T TOUCH IT!!! */
  transition: 'var(--amino-transition)',
  /** @info 16px */
  /* THIS IS GENERATED VARIABLE! DON'T TOUCH IT!!! */
  typeScaleBase: 'var(--amino-type-scale-base)',

  /* GLASS PALETTE */
  /** @info #10111600 */
  /* THIS IS GENERATED VARIABLE! DON'T TOUCH IT!!! */
  glass0: 'var(--amino-glass-0)',
  /** @info #1011160A */
  /* THIS IS GENERATED VARIABLE! DON'T TOUCH IT!!! */
  glass50: 'var(--amino-glass-50)',
  /** @info #10111614 */
  /* THIS IS GENERATED VARIABLE! DON'T TOUCH IT!!! */
  glass100: 'var(--amino-glass-100)',
  /** @info #10111626 */
  /* THIS IS GENERATED VARIABLE! DON'T TOUCH IT!!! */
  glass200: 'var(--amino-glass-200)',
  /** @info #1011163D */
  /* THIS IS GENERATED VARIABLE! DON'T TOUCH IT!!! */
  glass300: 'var(--amino-glass-300)',
  /** @info #10111656 */
  /* THIS IS GENERATED VARIABLE! DON'T TOUCH IT!!! */
  glass400: 'var(--amino-glass-400)',
  /** @info #10111670 */
  /* THIS IS GENERATED VARIABLE! DON'T TOUCH IT!!! */
  glass500: 'var(--amino-glass-500)',
  /** @info #1011169B */
  /* THIS IS GENERATED VARIABLE! DON'T TOUCH IT!!! */
  glass600: 'var(--amino-glass-600)',
  /** @info #101116AD */
  /* THIS IS GENERATED VARIABLE! DON'T TOUCH IT!!! */
  glass700: 'var(--amino-glass-700)',
  /** @info #101116BC */
  /* THIS IS GENERATED VARIABLE! DON'T TOUCH IT!!! */
  glass800: 'var(--amino-glass-800)',
  /** @info #101116C6 */
  /* THIS IS GENERATED VARIABLE! DON'T TOUCH IT!!! */
  glass900: 'var(--amino-glass-900)',
  /** @info #101116DD */
  /* THIS IS GENERATED VARIABLE! DON'T TOUCH IT!!! */
  glass950: 'var(--amino-glass-950)',
  /** @info #101116EF */
  /* THIS IS GENERATED VARIABLE! DON'T TOUCH IT!!! */
  glass1000: 'var(--amino-glass-1000)',

  /* GRAY PALETTE */
  /** @info white  */
  /* THIS IS GENERATED VARIABLE! DON'T TOUCH IT!!! */
  gray0: 'var(--amino-gray-0)',
  /** @info #F4F5F6  */
  /* THIS IS GENERATED VARIABLE! DON'T TOUCH IT!!! */
  gray50: 'var(--amino-gray-50)',
  /** @info #E8EAEE  */
  /* THIS IS GENERATED VARIABLE! DON'T TOUCH IT!!! */
  gray100: 'var(--amino-gray-100)',
  /** @info #DFE2E7  */
  /* THIS IS GENERATED VARIABLE! DON'T TOUCH IT!!! */
  gray200: 'var(--amino-gray-200)',
  /** @info #BCC3CD  */
  /* THIS IS GENERATED VARIABLE! DON'T TOUCH IT!!! */
  gray300: 'var(--amino-gray-300)',
  /** @info #8A95A8  */
  /* THIS IS GENERATED VARIABLE! DON'T TOUCH IT!!! */
  gray400: 'var(--amino-gray-400)',
  /** @info #68748D  */
  /* THIS IS GENERATED VARIABLE! DON'T TOUCH IT!!! */
  gray500: 'var(--amino-gray-500)',
  /** @info #555D72  */
  /* THIS IS GENERATED VARIABLE! DON'T TOUCH IT!!! */
  gray600: 'var(--amino-gray-600)',
  /** @info #454C5E  */
  /* THIS IS GENERATED VARIABLE! DON'T TOUCH IT!!! */
  gray700: 'var(--amino-gray-700)',
  /** @info #343846  */
  /* THIS IS GENERATED VARIABLE! DON'T TOUCH IT!!! */
  gray800: 'var(--amino-gray-800)',
  /** @info #272A35  */
  /* THIS IS GENERATED VARIABLE! DON'T TOUCH IT!!! */
  gray900: 'var(--amino-gray-900)',
  /** @info #1E2029  */
  /* THIS IS GENERATED VARIABLE! DON'T TOUCH IT!!! */
  gray950: 'var(--amino-gray-950)',
  /** @info #0F1015  */
  /* THIS IS GENERATED VARIABLE! DON'T TOUCH IT!!! */
  gray1000: 'var(--amino-gray-1000)',

  /* BLUE PALETTE */
  /** @info #E7F0FE  */
  /* THIS IS GENERATED VARIABLE! DON'T TOUCH IT!!! */
  blue50: 'var(--amino-blue-50)',
  /** @info #DAE7FC  */
  /* THIS IS GENERATED VARIABLE! DON'T TOUCH IT!!! */
  blue100: 'var(--amino-blue-100)',
  /** @info #C2D6FB  */
  /* THIS IS GENERATED VARIABLE! DON'T TOUCH IT!!! */
  blue200: 'var(--amino-blue-200)',
  /** @info #98B6F8  */
  /* THIS IS GENERATED VARIABLE! DON'T TOUCH IT!!! */
  blue300: 'var(--amino-blue-300)',
  /** @info #678FF3  */
  /* THIS IS GENERATED VARIABLE! DON'T TOUCH IT!!! */
  blue400: 'var(--amino-blue-400)',
  /** @info #446FEE  */
  /* THIS IS GENERATED VARIABLE! DON'T TOUCH IT!!! */
  blue500: 'var(--amino-blue-500)',
  /** @info #2E55E2  */
  /* THIS IS GENERATED VARIABLE! DON'T TOUCH IT!!! */
  blue600: 'var(--amino-blue-600)',
  /** @info #2544D0  */
  /* THIS IS GENERATED VARIABLE! DON'T TOUCH IT!!! */
  blue700: 'var(--amino-blue-700)',
  /** @info #2438A9  */
  /* THIS IS GENERATED VARIABLE! DON'T TOUCH IT!!! */
  blue800: 'var(--amino-blue-800)',
  /** @info #232E85  */
  /* THIS IS GENERATED VARIABLE! DON'T TOUCH IT!!! */
  blue900: 'var(--amino-blue-900)',
  /** @info #1A1F51  */
  /* THIS IS GENERATED VARIABLE! DON'T TOUCH IT!!! */
  blue950: 'var(--amino-blue-950)',

  /* CYAN PALETTE */
  /** @info #E6FEFD  */
  /* THIS IS GENERATED VARIABLE! DON'T TOUCH IT!!! */
  cyan50: 'var(--amino-cyan-50)',
  /** @info #D6FFFE  */
  /* THIS IS GENERATED VARIABLE! DON'T TOUCH IT!!! */
  cyan100: 'var(--amino-cyan-100)',
  /** @info #C0F2F2  */
  /* THIS IS GENERATED VARIABLE! DON'T TOUCH IT!!! */
  cyan200: 'var(--amino-cyan-200)',
  /** @info #9BE7E9  */
  /* THIS IS GENERATED VARIABLE! DON'T TOUCH IT!!! */
  cyan300: 'var(--amino-cyan-300)',
  /** @info #66D5DB  */
  /* THIS IS GENERATED VARIABLE! DON'T TOUCH IT!!! */
  cyan400: 'var(--amino-cyan-400)',
  /** @info #3EC4D0  */
  /* THIS IS GENERATED VARIABLE! DON'T TOUCH IT!!! */
  cyan500: 'var(--amino-cyan-500)',
  /** @info #2CA0AF  */
  /* THIS IS GENERATED VARIABLE! DON'T TOUCH IT!!! */
  cyan600: 'var(--amino-cyan-600)',
  /** @info #29818E  */
  /* THIS IS GENERATED VARIABLE! DON'T TOUCH IT!!! */
  cyan700: 'var(--amino-cyan-700)',
  /** @info #25646F  */
  /* THIS IS GENERATED VARIABLE! DON'T TOUCH IT!!! */
  cyan800: 'var(--amino-cyan-800)',
  /** @info #1D464E  */
  /* THIS IS GENERATED VARIABLE! DON'T TOUCH IT!!! */
  cyan900: 'var(--amino-cyan-900)',
  /** @info #152D32  */
  /* THIS IS GENERATED VARIABLE! DON'T TOUCH IT!!! */
  cyan950: 'var(--amino-cyan-950)',

  /* RED PALETTE */
  /** @info #FFECEB  */
  /* THIS IS GENERATED VARIABLE! DON'T TOUCH IT!!! */
  red50: 'var(--amino-red-50)',
  /** @info #FEE5E5  */
  /* THIS IS GENERATED VARIABLE! DON'T TOUCH IT!!! */
  red100: 'var(--amino-red-100)',
  /** @info #FCCFD0  */
  /* THIS IS GENERATED VARIABLE! DON'T TOUCH IT!!! */
  red200: 'var(--amino-red-200)',
  /** @info #FAA7AB  */
  /* THIS IS GENERATED VARIABLE! DON'T TOUCH IT!!! */
  red300: 'var(--amino-red-300)',
  /** @info #F67681  */
  /* THIS IS GENERATED VARIABLE! DON'T TOUCH IT!!! */
  red400: 'var(--amino-red-400)',
  /** @info #EE4559  */
  /* THIS IS GENERATED VARIABLE! DON'T TOUCH IT!!! */
  red500: 'var(--amino-red-500)',
  /** @info #DD314B  */
  /* THIS IS GENERATED VARIABLE! DON'T TOUCH IT!!! */
  red600: 'var(--amino-red-600)',
  /** @info #B81835  */
  /* THIS IS GENERATED VARIABLE! DON'T TOUCH IT!!! */
  red700: 'var(--amino-red-700)',
  /** @info #9A1734  */
  /* THIS IS GENERATED VARIABLE! DON'T TOUCH IT!!! */
  red800: 'var(--amino-red-800)',
  /** @info #75142D  */
  /* THIS IS GENERATED VARIABLE! DON'T TOUCH IT!!! */
  red900: 'var(--amino-red-900)',
  /** @info #49081A  */
  /* THIS IS GENERATED VARIABLE! DON'T TOUCH IT!!! */
  red950: 'var(--amino-red-950)',

  /* ORANGE PALETTE */
  /** @info #FEF4E7  */
  /* THIS IS GENERATED VARIABLE! DON'T TOUCH IT!!! */
  orange50: 'var(--amino-orange-50)',
  /** @info #FDEBD7  */
  /* THIS IS GENERATED VARIABLE! DON'T TOUCH IT!!! */
  orange100: 'var(--amino-orange-100)',
  /** @info #F9D3AF  */
  /* THIS IS GENERATED VARIABLE! DON'T TOUCH IT!!! */
  orange200: 'var(--amino-orange-200)',
  /** @info #F5B27C  */
  /* THIS IS GENERATED VARIABLE! DON'T TOUCH IT!!! */
  orange300: 'var(--amino-orange-300)',
  /** @info #F08E47  */
  /* THIS IS GENERATED VARIABLE! DON'T TOUCH IT!!! */
  orange400: 'var(--amino-orange-400)',
  /** @info #EC6F23  */
  /* THIS IS GENERATED VARIABLE! DON'T TOUCH IT!!! */
  orange500: 'var(--amino-orange-500)',
  /** @info #E5611A  */
  /* THIS IS GENERATED VARIABLE! DON'T TOUCH IT!!! */
  orange600: 'var(--amino-orange-600)',
  /** @info #B74A17  */
  /* THIS IS GENERATED VARIABLE! DON'T TOUCH IT!!! */
  orange700: 'var(--amino-orange-700)',
  /** @info #923C1A  */
  /* THIS IS GENERATED VARIABLE! DON'T TOUCH IT!!! */
  orange800: 'var(--amino-orange-800)',
  /** @info #763018  */
  /* THIS IS GENERATED VARIABLE! DON'T TOUCH IT!!! */
  orange900: 'var(--amino-orange-900)',
  /** @info #3F160B  */
  /* THIS IS GENERATED VARIABLE! DON'T TOUCH IT!!! */
  orange950: 'var(--amino-orange-950)',

  /* GREEN PALETTE */
  /** @info #F0FAEF  */
  /* THIS IS GENERATED VARIABLE! DON'T TOUCH IT!!! */
  green50: 'var(--amino-green-50)',
  /** @info #E0F8E0  */
  /* THIS IS GENERATED VARIABLE! DON'T TOUCH IT!!! */
  green100: 'var(--amino-green-100)',
  /** @info #C3EFC5  */
  /* THIS IS GENERATED VARIABLE! DON'T TOUCH IT!!! */
  green200: 'var(--amino-green-200)',
  /** @info #93E29A  */
  /* THIS IS GENERATED VARIABLE! DON'T TOUCH IT!!! */
  green300: 'var(--amino-green-300)',
  /** @info #5DCB6A  */
  /* THIS IS GENERATED VARIABLE! DON'T TOUCH IT!!! */
  green400: 'var(--amino-green-400)',
  /** @info #37B04A  */
  /* THIS IS GENERATED VARIABLE! DON'T TOUCH IT!!! */
  green500: 'var(--amino-green-500)',
  /** @info #2CA041  */
  /* THIS IS GENERATED VARIABLE! DON'T TOUCH IT!!! */
  green600: 'var(--amino-green-600)',
  /** @info #237234  */
  /* THIS IS GENERATED VARIABLE! DON'T TOUCH IT!!! */
  green700: 'var(--amino-green-700)',
  /** @info #205B2F  */
  /* THIS IS GENERATED VARIABLE! DON'T TOUCH IT!!! */
  green800: 'var(--amino-green-800)',
  /** @info #1C4B29  */
  /* THIS IS GENERATED VARIABLE! DON'T TOUCH IT!!! */
  green900: 'var(--amino-green-900)',
  /** @info #0A2914  */
  /* THIS IS GENERATED VARIABLE! DON'T TOUCH IT!!! */
  green950: 'var(--amino-green-950)',

  /* PURPLE */
  /** @info #FCF0FF  */
  /* THIS IS GENERATED VARIABLE! DON'T TOUCH IT!!! */
  purple50: 'var(--amino-purple-50)',
  /** @info #FAE8FF  */
  /* THIS IS GENERATED VARIABLE! DON'T TOUCH IT!!! */
  purple100: 'var(--amino-purple-100)',
  /** @info #F4D4FF  */
  /* THIS IS GENERATED VARIABLE! DON'T TOUCH IT!!! */
  purple200: 'var(--amino-purple-200)',
  /** @info #E9B2FF  */
  /* THIS IS GENERATED VARIABLE! DON'T TOUCH IT!!! */
  purple300: 'var(--amino-purple-300)',
  /** @info #D782FE  */
  /* THIS IS GENERATED VARIABLE! DON'T TOUCH IT!!! */
  purple400: 'var(--amino-purple-400)',
  /** @info #C052FA  */
  /* THIS IS GENERATED VARIABLE! DON'T TOUCH IT!!! */
  purple500: 'var(--amino-purple-500)',
  /** @info #A126ED  */
  /* THIS IS GENERATED VARIABLE! DON'T TOUCH IT!!! */
  purple600: 'var(--amino-purple-600)',
  /** @info #871ED2  */
  /* THIS IS GENERATED VARIABLE! DON'T TOUCH IT!!! */
  purple700: 'var(--amino-purple-700)',
  /** @info #6C1EAB  */
  /* THIS IS GENERATED VARIABLE! DON'T TOUCH IT!!! */
  purple800: 'var(--amino-purple-800)',
  /** @info #4E1881  */
  /* THIS IS GENERATED VARIABLE! DON'T TOUCH IT!!! */
  purple900: 'var(--amino-purple-900)',
  /** @info #2F055C  */
  /* THIS IS GENERATED VARIABLE! DON'T TOUCH IT!!! */
  purple950: 'var(--amino-purple-950)',

  /* TRANSPARENT */
  /** @info #FFFFFFBB */
  /* THIS IS GENERATED VARIABLE! DON'T TOUCH IT!!! */
  transparentWhite: 'var(--amino-transparent-white)',
  /** @info #101116BB */
  /* THIS IS GENERATED VARIABLE! DON'T TOUCH IT!!! */
  transparentBlack: 'var(--amino-transparent-black)',
  /** @info #6A6D771F */
  /* THIS IS GENERATED VARIABLE! DON'T TOUCH IT!!! */
  transparentGray600: 'var(--amino-transparent-gray-600)',

  /* BOX SHADOW */
  /** @info 0px 1px 3px 0px rgba(10, 10, 11, 0.1), 0px 1px 2px rgba(10, 10, 11, 0.06), 0px 0px 0px 1px rgba(110, 110, 120, 0.1) */
  /* THIS IS GENERATED VARIABLE! DON'T TOUCH IT!!! */
  v3ShadowBase: 'var(--amino-v3-shadow-base)',
  /** @info 0px 2px 4px 0px rgba(10, 10, 11, 0.06), 0px 4px 6px rgba(10, 10, 11, 0.1), 0px 0px 0px 1px rgba(110, 110, 120, 0.1) */
  /* THIS IS GENERATED VARIABLE! DON'T TOUCH IT!!! */
  v3ShadowMedium: 'var(--amino-v3-shadow-medium)',
  /** @info 0px 4px 6px 0px rgba(10, 10, 11, 0.05), 0px 10px 15px rgba(10, 10, 11, 0.1), 0px 0px 0px 1px rgba(110, 110, 120, 0.1) */
  /* THIS IS GENERATED VARIABLE! DON'T TOUCH IT!!! */
  v3ShadowLarge: 'var(--amino-v3-shadow-large)',
  /** @info 0px 10px 10px 0px rgba(12, 12, 13, 0.04), 0px 20px 25px rgba(10, 10, 11, 0.1), 0px 0px 0px 1px rgba(110, 110, 120, 0.1) */
  /* THIS IS GENERATED VARIABLE! DON'T TOUCH IT!!! */
  v3ShadowXl: 'var(--amino-v3-shadow-xl)',
  /** @info 0px 32px 50px 0px rgba(10, 10, 11, 0.24), 0px 0px 0px 1px rgba(110, 110, 120, 0.1) */
  /* THIS IS GENERATED VARIABLE! DON'T TOUCH IT!!! */
  v3ShadowXxl: 'var(--amino-v3-shadow-xxl)',
  /** @info 0px 2px 4px rgba(0, 0, 0, 0.04), 0px 1px 0px 0px rgba(255, 255, 255, 1), inset 0px 0px 8px rgba(0, 0, 0, 0.02), inset 0px 0px 0px 0.5px rgba(0, 0, 0, 0.06), inset 0px 2px 4px rgba(0, 0, 0, 0.04), inset 0px 1px 1px rgba(0, 0, 0, 0.04) */
  /* THIS IS GENERATED VARIABLE! DON'T TOUCH IT!!! */
  v3ShadowInset: 'var(--amino-v3-shadow-inset)',
  /** @info 0px 0px 0px 1px rgba(0, 0, 0, 0.08) inset, 0px 1px 3px 0px rgba(68, 111, 238, 0.40), 0px -1px 1px 0px rgba(0, 0, 0, 0.20) inset */
  /* THIS IS GENERATED VARIABLE! DON'T TOUCH IT!!! */
  shadowButtonPrimary: 'var(--amino-shadow-button-primary)',
  /** @info 0px 0px 0px 1px rgba(0, 0, 0, 0.08) inset, 0px 1px 3px 0px rgba(55, 176, 74, 0.40), 0px -1px 1px 0px rgba(0, 0, 0, 0.20) inset */
  /* THIS IS GENERATED VARIABLE! DON'T TOUCH IT!!! */
  shadowButtonSuccess: 'var(--amino-shadow-button-success)',
  /** @info 0px 0px 0px 1px rgba(0, 0, 0, 0.08) inset, 0px 1px 3px 0px rgba(238, 69, 89, 0.40), 0px -1px 1px 0px rgba(0, 0, 0, 0.20) inset */
  /* THIS IS GENERATED VARIABLE! DON'T TOUCH IT!!! */
  shadowButtonDanger: 'var(--amino-shadow-button-danger)',
  /** @info 0px 0px 0px 1px rgba(0, 0, 0, 0.08) inset, 0px 1px 3px 0px rgba(236, 111, 35, 0.40), 0px -1px 1px 0px rgba(0, 0, 0, 0.20) inset */
  /* THIS IS GENERATED VARIABLE! DON'T TOUCH IT!!! */
  shadowButtonWarning: 'var(--amino-shadow-button-warning)',
  /** @info 0 0 0 2px var(--amino-blue-500) */
  /* THIS IS GENERATED VARIABLE! DON'T TOUCH IT!!! */
  buttonFocusRing: 'var(--amino-button-focus-ring)',
  /** @info 0px -1px 1px 1px rgba(0, 0, 0, 0.08) inset, 0px 0px 0px 1px rgba(106, 109, 119, 0.12) inset, 0px 1px 3px 0px rgba(110, 110, 120, 0.12) */
  /* THIS IS GENERATED VARIABLE! DON'T TOUCH IT!!! */
  shadowButtonStandard: 'var(--amino-shadow-button-standard)',
  /** @info 0px 1px 3px 0px rgba(16, 17, 22, 0.2), 0px -1px 1px 1px rgba(0, 0, 0, 0.08) inset */
  /* THIS IS GENERATED VARIABLE! DON'T TOUCH IT!!! */
  shadowButtonDisabled: 'var(--amino-shadow-button-disabled)',
  /** @info 0px 1px 3px 0px rgba(110, 110, 120, 0.12), 0px -1px 1px 1px rgba(0, 0, 0, 0.08) inset, 0px 0px 0px 1px rgba(106, 109, 119, 0.12) inset */
  /* THIS IS GENERATED VARIABLE! DON'T TOUCH IT!!! */
  shadowSelectBase: 'var(--amino-shadow-select-base)',
  /** @info 0px 1px 3px 0px rgba(68, 94, 238, 0.40), 0px 0px 0px 1px #445EEE inset, 0px -1px 1px 1px rgba(68, 94, 238, 0.12) inset */
  /* THIS IS GENERATED VARIABLE! DON'T TOUCH IT!!! */
  shadowSelectActive: 'var(--amino-shadow-select-active)',
  /** @info 0px 1px 3px 0px rgba(221, 49, 78, 0.40), 0px 0px 0px 1px #DD314E inset, 0px -1px 1px 1px rgba(221, 49, 78, 0.12) inset */
  /* THIS IS GENERATED VARIABLE! DON'T TOUCH IT!!! */
  shadowSelectError: 'var(--amino-shadow-select-error)',

  /* MISC */
  /** @info 0.6 */
  /* THIS IS GENERATED VARIABLE! DON'T TOUCH IT!!! */
  opacityDisabled: 'var(--amino-opacity-disabled)',

  /* SPACING */
  /** @info space-negative-80: -5rem (-80px) */
  /* THIS IS GENERATED VARIABLE! DON'T TOUCH IT!!! */
  spaceNegative80: 'var(--amino-space-negative-80)',
  /** @info space-negative-76: -4.75rem (-76px) */
  /* THIS IS GENERATED VARIABLE! DON'T TOUCH IT!!! */
  spaceNegative76: 'var(--amino-space-negative-76)',
  /** @info space-negative-72: -4.5rem (-72px) */
  /* THIS IS GENERATED VARIABLE! DON'T TOUCH IT!!! */
  spaceNegative72: 'var(--amino-space-negative-72)',
  /** @info space-negative-68: -4.25rem (-68px) */
  /* THIS IS GENERATED VARIABLE! DON'T TOUCH IT!!! */
  spaceNegative68: 'var(--amino-space-negative-68)',
  /** @info space-negative-64: -4rem (-64px) */
  /* THIS IS GENERATED VARIABLE! DON'T TOUCH IT!!! */
  spaceNegative64: 'var(--amino-space-negative-64)',
  /** @info space-negative-60: -3.75rem (-60px) */
  /* THIS IS GENERATED VARIABLE! DON'T TOUCH IT!!! */
  spaceNegative60: 'var(--amino-space-negative-60)',
  /** @info space-negative-56: -3.5rem (-56px) */
  /* THIS IS GENERATED VARIABLE! DON'T TOUCH IT!!! */
  spaceNegative56: 'var(--amino-space-negative-56)',
  /** @info space-negative-52: -3.25rem (-52px) */
  /* THIS IS GENERATED VARIABLE! DON'T TOUCH IT!!! */
  spaceNegative52: 'var(--amino-space-negative-52)',
  /** @info space-negative-48: -3rem (-48px) */
  /* THIS IS GENERATED VARIABLE! DON'T TOUCH IT!!! */
  spaceNegative48: 'var(--amino-space-negative-48)',
  /** @info space-negative-44: -2.75rem (-44px) */
  /* THIS IS GENERATED VARIABLE! DON'T TOUCH IT!!! */
  spaceNegative44: 'var(--amino-space-negative-44)',
  /** @info space-negative-40: -2.5rem (-40px) */
  /* THIS IS GENERATED VARIABLE! DON'T TOUCH IT!!! */
  spaceNegative40: 'var(--amino-space-negative-40)',
  /** @info space-negative-36: -2.25rem (-36px) */
  /* THIS IS GENERATED VARIABLE! DON'T TOUCH IT!!! */
  spaceNegative36: 'var(--amino-space-negative-36)',
  /** @info space-negative-32: -2rem (-32px) */
  /* THIS IS GENERATED VARIABLE! DON'T TOUCH IT!!! */
  spaceNegative32: 'var(--amino-space-negative-32)',
  /** @info space-negative-28: -1.75rem (-28px) */
  /* THIS IS GENERATED VARIABLE! DON'T TOUCH IT!!! */
  spaceNegative28: 'var(--amino-space-negative-28)',
  /** @info space-negative-24: -1.5rem (-24px) */
  /* THIS IS GENERATED VARIABLE! DON'T TOUCH IT!!! */
  spaceNegative24: 'var(--amino-space-negative-24)',
  /** @info space-negative-20: -1.25rem (-20px) */
  /* THIS IS GENERATED VARIABLE! DON'T TOUCH IT!!! */
  spaceNegative20: 'var(--amino-space-negative-20)',
  /** @info space-negative-16: -1rem (-16px) */
  /* THIS IS GENERATED VARIABLE! DON'T TOUCH IT!!! */
  spaceNegative16: 'var(--amino-space-negative-16)',
  /** @info space-negative-12: -0.75rem (-12px) */
  /* THIS IS GENERATED VARIABLE! DON'T TOUCH IT!!! */
  spaceNegative12: 'var(--amino-space-negative-12)',
  /** @info space-negative-8: -0.5rem (-8px) */
  /* THIS IS GENERATED VARIABLE! DON'T TOUCH IT!!! */
  spaceNegative8: 'var(--amino-space-negative-8)',
  /** @info space-negative-4: -0.25rem (-4px) */
  /* THIS IS GENERATED VARIABLE! DON'T TOUCH IT!!! */
  spaceNegative4: 'var(--amino-space-negative-4)',
  /** @info space-0: 0 (0) */
  /* THIS IS GENERATED VARIABLE! DON'T TOUCH IT!!! */
  space0: 'var(--amino-space-0)',
  /** @info space-4: 0.25rem (4px) */
  /* THIS IS GENERATED VARIABLE! DON'T TOUCH IT!!! */
  space4: 'var(--amino-space-4)',
  /** @info space-8: 0.5rem (8px) */
  /* THIS IS GENERATED VARIABLE! DON'T TOUCH IT!!! */
  space8: 'var(--amino-space-8)',
  /** @info space-12: 0.75rem (12px) */
  /* THIS IS GENERATED VARIABLE! DON'T TOUCH IT!!! */
  space12: 'var(--amino-space-12)',
  /** @info space-16: 1rem (16px) */
  /* THIS IS GENERATED VARIABLE! DON'T TOUCH IT!!! */
  space16: 'var(--amino-space-16)',
  /** @info space-20: 1.25rem (20px) */
  /* THIS IS GENERATED VARIABLE! DON'T TOUCH IT!!! */
  space20: 'var(--amino-space-20)',
  /** @info space-24: 1.5rem (24px) */
  /* THIS IS GENERATED VARIABLE! DON'T TOUCH IT!!! */
  space24: 'var(--amino-space-24)',
  /** @info space-28: 1.75rem (28px) */
  /* THIS IS GENERATED VARIABLE! DON'T TOUCH IT!!! */
  space28: 'var(--amino-space-28)',
  /** @info space-32: 2rem (32px) */
  /* THIS IS GENERATED VARIABLE! DON'T TOUCH IT!!! */
  space32: 'var(--amino-space-32)',
  /** @info space-36: 2.25rem (36px) */
  /* THIS IS GENERATED VARIABLE! DON'T TOUCH IT!!! */
  space36: 'var(--amino-space-36)',
  /** @info space-40: 2.5rem (40px) */
  /* THIS IS GENERATED VARIABLE! DON'T TOUCH IT!!! */
  space40: 'var(--amino-space-40)',
  /** @info space-44: 2.75rem (44px) */
  /* THIS IS GENERATED VARIABLE! DON'T TOUCH IT!!! */
  space44: 'var(--amino-space-44)',
  /** @info space-48: 3rem (48px) */
  /* THIS IS GENERATED VARIABLE! DON'T TOUCH IT!!! */
  space48: 'var(--amino-space-48)',
  /** @info space-52: 3.25rem (52px) */
  /* THIS IS GENERATED VARIABLE! DON'T TOUCH IT!!! */
  space52: 'var(--amino-space-52)',
  /** @info space-56: 3.5rem (56px) */
  /* THIS IS GENERATED VARIABLE! DON'T TOUCH IT!!! */
  space56: 'var(--amino-space-56)',
  /** @info space-60: 3.75rem (60px) */
  /* THIS IS GENERATED VARIABLE! DON'T TOUCH IT!!! */
  space60: 'var(--amino-space-60)',
  /** @info space-64: 4rem (64px) */
  /* THIS IS GENERATED VARIABLE! DON'T TOUCH IT!!! */
  space64: 'var(--amino-space-64)',
  /** @info space-68: 4.25rem (68px) */
  /* THIS IS GENERATED VARIABLE! DON'T TOUCH IT!!! */
  space68: 'var(--amino-space-68)',
  /** @info space-72: 4.5rem (72px) */
  /* THIS IS GENERATED VARIABLE! DON'T TOUCH IT!!! */
  space72: 'var(--amino-space-72)',
  /** @info space-76: 4.75rem (76px) */
  /* THIS IS GENERATED VARIABLE! DON'T TOUCH IT!!! */
  space76: 'var(--amino-space-76)',
  /** @info space-80: 5rem (80px) */
  /* THIS IS GENERATED VARIABLE! DON'T TOUCH IT!!! */
  space80: 'var(--amino-space-80)',

  /* VARIABLES USING COLORS */
  /* BORDER */
  /** @info 1px solid var(--amino-border-color) */
  /* THIS IS GENERATED VARIABLE! DON'T TOUCH IT!!! */
  border: 'var(--amino-border)',
  /** @info 1px solid var(--amino-blue-500) */
  /* THIS IS GENERATED VARIABLE! DON'T TOUCH IT!!! */
  borderBlue: 'var(--amino-border-blue)',
  /** @info 1px solid var(--amino-red-500) */
  /* THIS IS GENERATED VARIABLE! DON'T TOUCH IT!!! */
  borderRed: 'var(--amino-border-red)',
  /** @info 1px solid var(--amino-cyan-500) */
  /* THIS IS GENERATED VARIABLE! DON'T TOUCH IT!!! */
  borderCyan: 'var(--amino-border-cyan)',
  /** @info 1px solid var(--amino-orange-500) */
  /* THIS IS GENERATED VARIABLE! DON'T TOUCH IT!!! */
  borderOrange: 'var(--amino-border-orange)',
  /** @info 1px solid var(--amino-green-500) */
  /* THIS IS GENERATED VARIABLE! DON'T TOUCH IT!!! */
  borderGreen: 'var(--amino-border-green)',
  /** @info 1px solid var(--amino-purple-500) */
  /* THIS IS GENERATED VARIABLE! DON'T TOUCH IT!!! */
  borderPurple: 'var(--amino-border-purple)',
  /** @info 1px solid var(--amino-amber-500) */
  /* THIS IS GENERATED VARIABLE! DON'T TOUCH IT!!! */
  borderAmber: 'var(--amino-border-amber)',
  /** @info 1px solid transparent */
  /* THIS IS GENERATED VARIABLE! DON'T TOUCH IT!!! */
  borderTransparent: 'var(--amino-border-transparent)',
  /** @info 1px solid var(--amino-gray-100) */
  /* THIS IS GENERATED VARIABLE! DON'T TOUCH IT!!! */
  borderSubtle: 'var(--amino-border-subtle)',

  /* LAYOUT STYLE */
  /** @info var(--amino-gray-0) */
  /* THIS IS GENERATED VARIABLE! DON'T TOUCH IT!!! */
  sidebarColor: 'var(--amino-sidebar-color)',
  /** @info var(--amino-gray-0) */
  /* THIS IS GENERATED VARIABLE! DON'T TOUCH IT!!! */
  headerColor: 'var(--amino-header-color)',

  /* INTENT COLOR */
  /** @info var(--amino-red-500) */
  /* THIS IS GENERATED VARIABLE! DON'T TOUCH IT!!! */
  danger: 'var(--amino-danger)',
  /** @info var(--amino-red-700) */
  /* THIS IS GENERATED VARIABLE! DON'T TOUCH IT!!! */
  dangerDark: 'var(--amino-danger-dark)',
  /** @info var(--amino-red-500) */
  /* THIS IS GENERATED VARIABLE! DON'T TOUCH IT!!! */
  error: 'var(--amino-error)',
  /** @info var(--amino-blue-500) */
  /* THIS IS GENERATED VARIABLE! DON'T TOUCH IT!!! */
  primary: 'var(--amino-primary)',
  /** @info var(--amino-blue-400) */
  /* THIS IS GENERATED VARIABLE! DON'T TOUCH IT!!! */
  primaryLight: 'var(--amino-primary-light)',
  /** @info var(--amino-blue-800) */
  /* THIS IS GENERATED VARIABLE! DON'T TOUCH IT!!! */
  primaryDark: 'var(--amino-primary-dark)',
  /** @info var(--amino-green-500) */
  /* THIS IS GENERATED VARIABLE! DON'T TOUCH IT!!! */
  success: 'var(--amino-success)',
  /** @info var(--amino-green-700) */
  /* THIS IS GENERATED VARIABLE! DON'T TOUCH IT!!! */
  successDark: 'var(--amino-success-dark)',
  /** @info var(--amino-orange-500) */
  /* THIS IS GENERATED VARIABLE! DON'T TOUCH IT!!! */
  warning: 'var(--amino-warning)',
  /** @info var(--amino-orange-600) */
  /* THIS IS GENERATED VARIABLE! DON'T TOUCH IT!!! */
  warningDark: 'var(--amino-warning-dark)',

  /* GLOW COLOR */
  /** @info 0 0 0 1px var(--amino-red-500) */
  /* THIS IS GENERATED VARIABLE! DON'T TOUCH IT!!! */
  glowError: 'var(--amino-glow-error)',
  /** @info 0 0 0 1px var(--amino-primary) */
  /* THIS IS GENERATED VARIABLE! DON'T TOUCH IT!!! */
  glowBlue: 'var(--amino-glow-blue)',
  /** @info 0 0 0 1px var(--amino-cyan-500) */
  /* THIS IS GENERATED VARIABLE! DON'T TOUCH IT!!! */
  glowCyan: 'var(--amino-glow-cyan)',
  /** @info 0 0 0 1px var(--amino-red-500) */
  /* THIS IS GENERATED VARIABLE! DON'T TOUCH IT!!! */
  glowRed: 'var(--amino-glow-red)',
  /** @info 0 0 0 1px var(--amino-orange-500) */
  /* THIS IS GENERATED VARIABLE! DON'T TOUCH IT!!! */
  glowOrange: 'var(--amino-glow-orange)',
  /** @info 0 0 0 1px var(--amino-green-500) */
  /* THIS IS GENERATED VARIABLE! DON'T TOUCH IT!!! */
  glowGreen: 'var(--amino-glow-green)',
  /** @info 0 0 0 1px var(--amino-purple-500) */
  /* THIS IS GENERATED VARIABLE! DON'T TOUCH IT!!! */
  glowPurple: 'var(--amino-glow-purple)',

  /* LAYOUT COLOR */
  /** @info var(--amino-gray-0) */
  /* THIS IS GENERATED VARIABLE! DON'T TOUCH IT!!! */
  pageBackground: 'var(--amino-page-background)',
  /** @info var(--amino-gray-200) */
  /* THIS IS GENERATED VARIABLE! DON'T TOUCH IT!!! */
  borderColor: 'var(--amino-border-color)',
  /** @info var(--amino-gray-50) */
  /* THIS IS GENERATED VARIABLE! DON'T TOUCH IT!!! */
  hoverColor: 'var(--amino-hover-color)',
  /** @info var(--amino-gray-1000) */
  /* THIS IS GENERATED VARIABLE! DON'T TOUCH IT!!! */
  textColor: 'var(--amino-text-color)',
  /** @info var(--amino-gray-700) */
  /* THIS IS GENERATED VARIABLE! DON'T TOUCH IT!!! */
  textColorSecondary: 'var(--amino-text-color-secondary)',

  /* BUTTON FOCUS */
  /** @info 0px 0px 0px 1px var(--amino-transparent-gray-600) inset, var(--amino-button-focus-ring) */
  /* THIS IS GENERATED VARIABLE! DON'T TOUCH IT!!! */
  focusButtonStandard: 'var(--amino-focus-button-standard)',
  /** @info 0px 0px 0px 1px var(--amino-gray-0) inset, var(--amino-button-focus-ring) */
  /* THIS IS GENERATED VARIABLE! DON'T TOUCH IT!!! */
  focusButton: 'var(--amino-focus-button)',

  /* ONE OFF COLORS */
  /** @info var(--amino-gray-0) */
  /* THIS IS GENERATED VARIABLE! DON'T TOUCH IT!!! */
  surfaceColor: 'var(--amino-surface-color)',
  /** @info var(--amino-gray-50) */
  /* THIS IS GENERATED VARIABLE! DON'T TOUCH IT!!! */
  surfaceColorSecondary: 'var(--amino-surface-color-secondary)',
  /** @info #000000 */
  /* THIS IS GENERATED VARIABLE! DON'T TOUCH IT!!! */
  backdropColor: 'var(--amino-backdrop-color)',
  /** @info var(--amino-gray-0) */
  /* THIS IS GENERATED VARIABLE! DON'T TOUCH IT!!! */
  raisedSurfaceColor: 'var(--amino-raised-surface-color)',
  /** @info var(--amino-gray-50) */
  /* THIS IS GENERATED VARIABLE! DON'T TOUCH IT!!! */
  raisedColorSecondary: 'var(--amino-raised-color-secondary)',

  /* BUTTON HOVER COLORS */
  /** @info linear-gradient(180deg, #446FEE 0%, #2E55E2 100%) */
  /* THIS IS GENERATED VARIABLE! DON'T TOUCH IT!!! */
  buttonPrimaryHover: 'var(--amino-button-primary-hover)',
  /** @info linear-gradient(180deg, #37B04A 0%, #2CA041 100%) */
  /* THIS IS GENERATED VARIABLE! DON'T TOUCH IT!!! */
  buttonSuccessHover: 'var(--amino-button-success-hover)',
  /** @info linear-gradient(180deg, #EE4559 0%, #DD314B 100%) */
  /* THIS IS GENERATED VARIABLE! DON'T TOUCH IT!!! */
  buttonDangerHover: 'var(--amino-button-danger-hover)',
  /** @info linear-gradient(180deg, #EC6F23 0%, #E5611A 100%) */
  /* THIS IS GENERATED VARIABLE! DON'T TOUCH IT!!! */
  buttonWarningHover: 'var(--amino-button-warning-hover)',
  /** @info linear-gradient(180deg, #FFFFFF 0%, #E8EAEE 100%); */
  /* THIS IS GENERATED VARIABLE! DON'T TOUCH IT!!! */
  buttonStandardHover: 'var(--amino-button-standard-hover)',

  /* SPINNER COLORS */
  /** @info rgba(0, 0, 0, 0.3) */
  /* THIS IS GENERATED VARIABLE! DON'T TOUCH IT!!! */
  spinnerTrackBlack: 'var(--amino-spinner-track-black)',
  /** @info #0c0c0c */
  /* THIS IS GENERATED VARIABLE! DON'T TOUCH IT!!! */
  spinnerStrokeBlack: 'var(--amino-spinner-stroke-black)',
  /** @info rgba(255, 255, 255, 0.3) */
  /* THIS IS GENERATED VARIABLE! DON'T TOUCH IT!!! */
  spinnerTrackWhite: 'var(--amino-spinner-track-white)',
  /** @info #FFFFFF */
  /* THIS IS GENERATED VARIABLE! DON'T TOUCH IT!!! */
  spinnerStrokeWhite: 'var(--amino-spinner-stroke-white)',

  /* LAYOUT STYLE */
  /** @info 55px */
  /* THIS IS GENERATED VARIABLE! DON'T TOUCH IT!!! */
  appbarHeight: 'var(--amino-appbar-height)',
  /** @info 232px */
  /* THIS IS GENERATED VARIABLE! DON'T TOUCH IT!!! */
  sidebarWidth: 'var(--amino-sidebar-width)',
  /** @info 0 */
  /* THIS IS GENERATED VARIABLE! DON'T TOUCH IT!!! */
  elevation0: 'var(--amino-elevation-0)',
  /** @info 100 */
  /* THIS IS GENERATED VARIABLE! DON'T TOUCH IT!!! */
  elevation100: 'var(--amino-elevation-100)',
  /** @info 200 */
  /* THIS IS GENERATED VARIABLE! DON'T TOUCH IT!!! */
  elevation200: 'var(--amino-elevation-200)',
  /** @info 300 */
  /* THIS IS GENERATED VARIABLE! DON'T TOUCH IT!!! */
  elevation300: 'var(--amino-elevation-300)',
  /** @info 400 */
  /* THIS IS GENERATED VARIABLE! DON'T TOUCH IT!!! */
  elevation400: 'var(--amino-elevation-400)',
  /** @info 500 */
  /* THIS IS GENERATED VARIABLE! DON'T TOUCH IT!!! */
  elevation500: 'var(--amino-elevation-500)',
  /** @info 400 */
  /* THIS IS GENERATED VARIABLE! DON'T TOUCH IT!!! */
  dialogElevation: 'var(--amino-dialog-elevation)',
  /** @info 500 */
  /* THIS IS GENERATED VARIABLE! DON'T TOUCH IT!!! */
  toastElevation: 'var(--amino-toast-elevation)',
  /** @info 500 */
  /* THIS IS GENERATED VARIABLE! DON'T TOUCH IT!!! */
  appbarElevation: 'var(--amino-appbar-elevation)',

  /* BUTTON SIZE */
  /** @info 56px */
  /* THIS IS GENERATED VARIABLE! DON'T TOUCH IT!!! */
  sizeXl: 'var(--amino-size-xl)',
  /** @info 48px */
  /* THIS IS GENERATED VARIABLE! DON'T TOUCH IT!!! */
  sizeLg: 'var(--amino-size-lg)',
  /** @info 40px */
  /* THIS IS GENERATED VARIABLE! DON'T TOUCH IT!!! */
  sizeMd: 'var(--amino-size-md)',
  /** @info 32px */
  /* THIS IS GENERATED VARIABLE! DON'T TOUCH IT!!! */
  sizeSm: 'var(--amino-size-sm)',

  /* BORDER RADIUS */
  /** @info 4px */
  /* THIS IS GENERATED VARIABLE! DON'T TOUCH IT!!! */
  radius4: 'var(--amino-radius-4)',
  /** @info 6px */
  /* THIS IS GENERATED VARIABLE! DON'T TOUCH IT!!! */
  radius6: 'var(--amino-radius-6)',
  /** @info 8px */
  /* THIS IS GENERATED VARIABLE! DON'T TOUCH IT!!! */
  radius8: 'var(--amino-radius-8)',
  /** @info 10px */
  /* THIS IS GENERATED VARIABLE! DON'T TOUCH IT!!! */
  radius10: 'var(--amino-radius-10)',
  /** @info 12px */
  /* THIS IS GENERATED VARIABLE! DON'T TOUCH IT!!! */
  radius12: 'var(--amino-radius-12)',

  /** @info 30px */
  /* THIS IS GENERATED VARIABLE! DON'T TOUCH IT!!! */
  fontSize3xl: 'var(--amino-font-size-3xl)',
  /** @info 24px  */
  /* THIS IS GENERATED VARIABLE! DON'T TOUCH IT!!! */
  fontSize2xl: 'var(--amino-font-size-2xl)',
  /** @info 20px */
  /* THIS IS GENERATED VARIABLE! DON'T TOUCH IT!!! */
  fontSizeXl: 'var(--amino-font-size-xl)',
  /** @info 18px */
  /* THIS IS GENERATED VARIABLE! DON'T TOUCH IT!!! */
  fontSizeL: 'var(--amino-font-size-l)',
  /** @info 16px */
  /* THIS IS GENERATED VARIABLE! DON'T TOUCH IT!!! */
  fontSizeBaseDocs: 'var(--amino-font-size-base-docs)',
  /** @info 13px */
  /* THIS IS GENERATED VARIABLE! DON'T TOUCH IT!!! */
  fontSizeBase: 'var(--amino-font-size-base)',
  /** @info 12px */
  /* THIS IS GENERATED VARIABLE! DON'T TOUCH IT!!! */
  fontSizeS: 'var(--amino-font-size-s)',
  /** @info 11px */
  /* THIS IS GENERATED VARIABLE! DON'T TOUCH IT!!! */
  fontSizeXs: 'var(--amino-font-size-xs)',

  /* LINE HEIGHT */
  /** @info 48px */
  /* THIS IS GENERATED VARIABLE! DON'T TOUCH IT!!! */
  lineHeight3xl: 'var(--amino-line-height-3xl)',
  /** @info 40px */
  /* THIS IS GENERATED VARIABLE! DON'T TOUCH IT!!! */
  lineHeight2xl: 'var(--amino-line-height-2xl)',
  /** @info 32px */
  /* THIS IS GENERATED VARIABLE! DON'T TOUCH IT!!! */
  lineHeightXl: 'var(--amino-line-height-xl)',
  /** @info 24px */
  /* THIS IS GENERATED VARIABLE! DON'T TOUCH IT!!! */
  lineHeightL: 'var(--amino-line-height-l)',
  /** @info 24px */
  /* THIS IS GENERATED VARIABLE! DON'T TOUCH IT!!! */
  lineHeightBase: 'var(--amino-line-height-base)',
  /** @info 16px */
  /* THIS IS GENERATED VARIABLE! DON'T TOUCH IT!!! */
  lineHeightS: 'var(--amino-line-height-s)',
  /** @info 12px */
  /* THIS IS GENERATED VARIABLE! DON'T TOUCH IT!!! */
  lineHeightXs: 'var(--amino-line-height-xs)',

  /* FONTS */
  /** @info 'Inter', -apple-system, BlinkMacSystemFont, 'Segoe UI', 'Roboto', 'Oxygen', 'Ubuntu', 'Cantarell', 'Fira Sans', 'Droid Sans', 'Helvetica Neue', sans-serif */
  /* THIS IS GENERATED VARIABLE! DON'T TOUCH IT!!! */
  fontSans: 'var(--amino-font-sans)',
  /** @info Operator Mono, MonoLisa, Dank Mono, Menlo, Monaco, Lucida Console, Liberation Mono, DejaVu Sans Mono, Bitstream Vera Sans Mono, Courier New, monospace */
  /* THIS IS GENERATED VARIABLE! DON'T TOUCH IT!!! */
  fontMono: 'var(--amino-font-mono)',
  /** @info 'Fira Code', var(--amino-font-sans) */
  /* THIS IS GENERATED VARIABLE! DON'T TOUCH IT!!! */
  fontHarmonizedCodes: 'var(--amino-font-harmonized-codes)',

  /* OTHER */
  /** @info inherit */
  /* THIS IS GENERATED VARIABLE! DON'T TOUCH IT!!! */
  inputBackground: 'var(--amino-input-background)',
} as const;

export type ThemeKey = keyof typeof theme;

export type ThemeValue = (typeof theme)[ThemeKey];
"
`;
