// Jest Snapshot v1, https://goo.gl/fbAQLP

exports[`Case dark theme: 1`] = `
"[data-theme='dark'] {
  --amino-gray-l80: #f5f5f6;
  --amino-gray-l60: #d8d8db;
  --amino-gray-l40: #c4c4c9;
  --amino-gray-l20: #b1b1b7;
  --amino-gray-base: #9d9da5;
  --amino-gray-d20: #76767c;
  --amino-gray-d40: #4f4f52;
  --amino-gray-d60: #2f2f31;
  --amino-gray-d80: #232326;
  --amino-blue-l80: #e9ebff;
  --amino-blue-l60: #b4c5ff;
  --amino-blue-l40: #8fa7ff;
  --amino-blue-l20: #698aff;
  --amino-blue-base: #446dff;
  --amino-blue-d20: #3657cc;
  --amino-blue-d40: #294199;
  --amino-blue-d60: #1b2c66;
  --amino-blue-d80: #1d233b;
  --amino-cyan-l80: #e9fcff;
  --amino-cyan-l60: #b5f6ff;
  --amino-cyan-l40: #8ff2ff;
  --amino-cyan-l20: #6aedff;
  --amino-cyan-base: #45e9ff;
  --amino-cyan-d20: #37bacc;
  --amino-cyan-d40: #298c99;
  --amino-cyan-d60: #1c5d66;
  --amino-cyan-d80: #1d363b;
  --amino-red-l80: #fde5eb;
  --amino-red-l60: #f9a8bd;
  --amino-red-l40: #f77d9b;
  --amino-red-l20: #f4517a;
  --amino-red-base: #f12659;
  --amino-red-d20: #c11e47;
  --amino-red-d40: #911735;
  --amino-red-d60: #600f24;
  --amino-red-d80: #371822;
  --amino-orange-l80: #fff0e5;
  --amino-orange-l60: #ffd0ad;
  --amino-orange-l40: #ffb885;
  --amino-orange-l20: #ffa05c;
  --amino-orange-base: #ff8933;
  --amino-orange-d20: #cc6e29;
  --amino-orange-d40: #99521f;
  --amino-orange-d60: #663714;
  --amino-orange-d80: #39271c;
  --amino-green-l80: #e5f9e5;
  --amino-green-l60: #a5eba8;
  --amino-green-l40: #78e07d;
  --amino-green-l20: #4bd651;
  --amino-green-base: #1ecc26;
  --amino-green-d20: #18a31e;
  --amino-green-d40: #127a17;
  --amino-green-d60: #0c520f;
  --amino-green-d80: #17311a;
  --amino-purple-l80: #f5e5ff;
  --amino-purple-l60: #dba8ff;
  --amino-purple-l40: #ca7dff;
  --amino-purple-l20: #b851ff;
  --amino-purple-base: #a626ff;
  --amino-purple-d20: #851ecc;
  --amino-purple-d40: #641799;
  --amino-purple-d60: #420f66;
  --amino-purple-d80: #2c183b;
  --amino-yellow-l80: #fff9e5;
  --amino-yellow-l60: #ffedad;
  --amino-yellow-l40: #ffe485;
  --amino-yellow-l20: #ffdb5c;
  --amino-yellow-base: #ffd233;
  --amino-yellow-d20: #cca829;
  --amino-yellow-d40: #997e1f;
  --amino-yellow-d60: #665414;
  --amino-yellow-d80: #39321c;
  --amino-page-background: var(--amino-gray-50);
  --amino-surface-color: var(--amino-gray-base);
  --amino-surface-color-secondary: var(--amino-gray-50);
  --amino-border-color: var(--amino-gray-l60);
  --amino-text-color: white;
  --amino-input-background: var(--amino-gray-l40);
  --amino-hover-color: var(--amino-gray-l20);
  --amino-v3-shadow-inset: inset 0px 2px 4px rgba(0, 0, 0, 0.18);
  --amino-v3-shadow-base: 0px 1px 2px rgba(0, 0, 0, 0.18),
    0px 1px 3px rgba(0, 0, 0, 0.3);
  --amino-v3-shadow-medium: 0px 2px 4px rgba(0, 0, 0, 0.18),
    0px 4px 6px rgba(0, 0, 0, 0.3);
  --amino-v3-shadow-large: 0px 10px 15px rgba(0, 0, 0, 0.3),
    0px 4px 6px rgba(0, 0, 0, 0.15);
  --amino-v3-shadow-xl: 0px 20px 25px rgba(0, 0, 0, 0.3),
    0px 10px 10px rgba(0, 0, 0, 0.12);
  --amino-v3-shadow-xxl: 0px 32px 50px rgba(0, 0, 0, 0.72);
  --amino-backdrop-color: var(--amino-gray-l60);
  --amino-header-color: var(--amino-gray-l80);
  --amino-border: 1px solid var(--amino-border-color);
}
"
`;

exports[`Case light theme: 1`] = `
":root {
  --amino-transition: all 0.2s ease-in-out 0s;
  --amino-type-scale-base: 16px;
  --amino-black: #0c0c0d;
  --amino-gray-0: white;
  --amino-gray-50: #f6f6f8;
  --amino-gray-100: #eaebed;
  --amino-gray-200: #d9dadd;
  --amino-gray-300: #c5c6ca;
  --amino-gray-400: #acaeb3;
  --amino-gray-500: #94969e;
  --amino-gray-600: #6a6d77;
  --amino-gray-700: #5c5e68;
  --amino-gray-800: #4d505a;
  --amino-gray-900: #40424c;
  --amino-gray-1000: #2e3038;
  --amino-gray-1100: #1e1f26;
  --amino-gray-1200: #101116;
  --amino-gray-1300: black;
  --amino-blue-100: #deecfe;
  --amino-blue-200: #c5dcfd;
  --amino-blue-300: #aac8fc;
  --amino-blue-400: #89adfa;
  --amino-blue-500: #568cf6;
  --amino-blue-600: #435dee;
  --amino-blue-700: #294dbe;
  --amino-blue-800: #263b98;
  --amino-blue-900: #1f2b73;
  --amino-blue-1000: #151943;
  --amino-cyan-100: #dbfdff;
  --amino-cyan-200: #baf8fd;
  --amino-cyan-300: #8ff1fa;
  --amino-cyan-400: #65e2ef;
  --amino-cyan-500: #48c4d3;
  --amino-cyan-600: #349dab;
  --amino-cyan-700: #287e8a;
  --amino-cyan-800: #236a75;
  --amino-cyan-900: #22525a;
  --amino-cyan-1000: #183338;
  --amino-red-100: #ffedeb;
  --amino-red-200: #fdd3d0;
  --amino-red-300: #fcb4b2;
  --amino-red-400: #fa8b8b;
  --amino-red-500: #f9505b;
  --amino-red-600: #d3203f;
  --amino-red-700: #a81e37;
  --amino-red-800: #841a2f;
  --amino-red-900: #601725;
  --amino-red-1000: #3b1119;
  --amino-orange-100: #ffeee0;
  --amino-orange-200: #fed5b8;
  --amino-orange-300: #fdc2a0;
  --amino-orange-400: #fca375;
  --amino-orange-500: #f88548;
  --amino-orange-600: #d7581f;
  --amino-orange-700: #a4431d;
  --amino-orange-800: #85341d;
  --amino-orange-900: #63261a;
  --amino-orange-1000: #3c1611;
  --amino-green-100: #dbffdd;
  --amino-green-200: #bafdc2;
  --amino-green-300: #86f99e;
  --amino-green-400: #62e488;
  --amino-green-500: #4dc477;
  --amino-green-600: #2a995a;
  --amino-green-700: #25794a;
  --amino-green-800: #236641;
  --amino-green-900: #214c34;
  --amino-green-1000: #193123;
  --amino-purple-100: #eef0ff;
  --amino-purple-200: #d8dafd;
  --amino-purple-300: #c4c0fc;
  --amino-purple-400: #b09ff9;
  --amino-purple-500: #a379f6;
  --amino-purple-600: #9635ee;
  --amino-purple-700: #7728b9;
  --amino-purple-800: #612392;
  --amino-purple-900: #461f66;
  --amino-purple-1000: #29143a;
  --amino-solid-blur: rgba(var(--amino-gray-0), 0.75);
  --amino-danger: var(--amino-red-600);
  --amino-danger-dark: var(--amino-red-700);
  --amino-error: var(--amino-red-600);
  --amino-primary: var(--amino-blue-600);
  --amino-primary-light: var(--amino-blue-500);
  --amino-primary-dark: var(--amino-blue-800);
  --amino-success: var(--amino-green-300);
  --amino-success-dark: var(--amino-green-700);
  --amino-warning: var(--amino-amber-100);
  --amino-warning-dark: var(--amino-amber-700);
  --amino-glow-error: 0 0 0 1px var(--amino-red-600);
  --amino-glow-blue: 0 0 0 1px var(--amino-primary);
  --amino-glow-cyan: 0 0 0 1px var(--amino-cyan-alpha);
  --amino-glow-red: 0 0 0 1px var(--amino-red-alpha);
  --amino-glow-orange: 0 0 0 1px var(--amino-orange-alpha);
  --amino-glow-green: 0 0 0 1px var(--amino-green-alpha);
  --amino-glow-purple: 0 0 0 1px var(--amino-purple-alpha);
  --amino-page-background: white;
  --amino-border-color: var(--amino-gray-200);
  --amino-hover-color: var(--amino-gray-50);
  --amino-surface-color: white;
  --amino-surface-color-secondary: var(--amino-gray-50);
  --amino-text-light: white;
  --amino-text-color: var(--amino-gray-1000);
  --amino-text-dark: var(--amino-text-color);
  --amino-input-background: white;
  --amino-size-xl: 56px;
  --amino-size-lg: 48px;
  --amino-size-md: 40px;
  --amino-size-sm: 32px;
  --amino-radius-4: 0.25rem;
  --amino-radius-6: 0.375rem;
  --amino-radius-8: 0.5rem;
  --amino-radius-10: 0.625rem;
  --amino-radius-12: 0.75rem;
  --amino-space-negative-80: -5rem;
  --amino-space-negative-76: -4.75rem;
  --amino-space-negative-72: -4.5rem;
  --amino-space-negative-68: -4.25rem;
  --amino-space-negative-64: -4rem;
  --amino-space-negative-60: -3.75rem;
  --amino-space-negative-56: -3.5rem;
  --amino-space-negative-52: -3.25rem;
  --amino-space-negative-48: -3rem;
  --amino-space-negative-44: -2.75rem;
  --amino-space-negative-40: -2.5rem;
  --amino-space-negative-36: -2.25rem;
  --amino-space-negative-32: -2rem;
  --amino-space-negative-28: -1.75rem;
  --amino-space-negative-24: -1.5rem;
  --amino-space-negative-20: -1.25rem;
  --amino-space-negative-16: -1rem;
  --amino-space-negative-12: -0.75rem;
  --amino-space-negative-8: -0.5rem;
  --amino-space-negative-4: -0.25rem;
  --amino-space-0: 0;
  --amino-space-4: 0.25rem;
  --amino-space-8: 0.5rem;
  --amino-space-12: 0.75rem;
  --amino-space-16: 1rem;
  --amino-space-20: 1.25rem;
  --amino-space-24: 1.5rem;
  --amino-space-28: 1.75rem;
  --amino-space-32: 2rem;
  --amino-space-36: 2.25rem;
  --amino-space-40: 2.5rem;
  --amino-space-44: 2.75rem;
  --amino-space-48: 3rem;
  --amino-space-52: 3.25rem;
  --amino-space-56: 3.5rem;
  --amino-space-60: 3.75rem;
  --amino-space-64: 4rem;
  --amino-space-68: 4.25rem;
  --amino-space-72: 4.5rem;
  --amino-space-76: 4.75rem;
  --amino-space-80: 5rem;
  --amino-appbar-height: 55px;
  --amino-sidebar-width: 264px;
  --amino-sidebar-color: white;
  --amino-header-color: white;
  --amino-backdrop-color: var(--amino-gray-1000);
  --amino-elevation-0: 0;
  --amino-elevation-100: 100;
  --amino-elevation-200: 200;
  --amino-elevation-300: 300;
  --amino-elevation-400: 400;
  --amino-elevation-500: 500;
  --amino-dialog-elevation: var(--amino-elevation-400);
  --amino-toast-elevation: var(--amino-elevation-500);
  --amino-appbar-elevation: var(--amino-elevation-500);
  --amino-v3-shadow-inset: inset 0px 2px 4px rgba(0, 0, 0, 0.06);
  --amino-v3-shadow-base: 0px 1px 2px rgba(0, 0, 0, 0.06),
    0px 1px 3px rgba(0, 0, 0, 0.1);
  --amino-v3-shadow-medium: 0px 2px 4px rgba(0, 0, 0, 0.06),
    0px 4px 6px rgba(0, 0, 0, 0.1);
  --amino-v3-shadow-large: 0px 10px 15px rgba(0, 0, 0, 0.1),
    0px 4px 6px rgba(0, 0, 0, 0.05);
  --amino-v3-shadow-xl: 0px 20px 25px rgba(0, 0, 0, 0.1),
    0px 10px 10px rgba(0, 0, 0, 0.04);
  --amino-v3-shadow-xxl: 0px 32px 50px rgba(0, 0, 0, 0.24);
  --amino-border: 1px solid var(--amino-border-color);
  --amino-border-blue: 1px solid var(--amino-blue-500);
  --amino-border-red: 1px solid var(--amino-red-400);
  --amino-border-cyan: 1px solid var(--amino-cyan-400);
  --amino-border-orange: 1px solid var(--amino-orange-400);
  --amino-border-green: 1px solid var(--amino-green-400);
  --amino-border-purple: 1px solid var(--amino-purple-400);
  --amino-border-amber: 1px solid var(--amino-amber-400);
  --amino-border-transparent: 1px solid transparent;
  --amino-font-size-3xl: 2.125rem;
  --amino-font-size-2xl: 1.75rem;
  --amino-font-size-xl: 1.375rem;
  --amino-font-size-l: 1.125rem;
  --amino-font-size-base: 0.875rem;
  --amino-font-size-s: 0.75rem;
  --amino-font-size-xs: 0.625rem;
  --amino-line-height-3xl: 118%;
  --amino-line-height-2xl: 119%;
  --amino-line-height-xl: 127%;
  --amino-line-height-l: 133%;
  --amino-line-height-base: 114%;
  --amino-line-height-s: 133%;
  --amino-line-height-xs: 120%;
  --amino-font-sans: 'Inter', -apple-system, BlinkMacSystemFont, 'Segoe UI',
    'Roboto', 'Oxygen', 'Ubuntu', 'Cantarell', 'Fira Sans', 'Droid Sans',
    'Helvetica Neue', sans-serif;
  --amino-font-mono: Operator Mono, MonoLisa, Dank Mono, Menlo, Monaco,
    Lucida Console, Liberation Mono, DejaVu Sans Mono, Bitstream Vera Sans Mono,
    Courier New, monospace;
  --amino-font-harmonized-codes: 'Fira Code', var(--amino-font-sans);
}
"
`;
