// Jest Snapshot v1, https://goo.gl/fbAQLP

exports[`Case light theme 1`] = `
"export const theme = {
  'transition': 'var(--amino-transition)',
  'type-scale-base': 'var(--amino-type-scale-base)',

  'black': 'var(--amino-black)',
  /* GRAY PALETTE */
  'gray-l80': 'var(--amino-gray-l80)',
  'gray-l60': 'var(--amino-gray-l60)',
  'gray-l40': 'var(--amino-gray-l40)',
  'gray-l20': 'var(--amino-gray-l20)',
  'gray-base': 'var(--amino-gray-base)',
  'gray-d20': 'var(--amino-gray-d20)',
  'gray-d40': 'var(--amino-gray-d40)',
  'gray-d60': 'var(--amino-gray-d60)',
  'gray-d80': 'var(--amino-gray-d80)',
  'gray-alpha': 'var(--amino-gray-alpha)',
  'gray-50': 'var(--amino-gray-50)',
  /** @deprecated use gray-l80 instead */
  'gray-100': 'var(--amino-gray-100)',
  /** @deprecated use gray-l60 instead */
  'gray-200': 'var(--amino-gray-200)',
  /** @deprecated use gray-l40 instead */
  'gray-300': 'var(--amino-gray-300)',
  /** @deprecated use gray-l20 instead */
  'gray-400': 'var(--amino-gray-400)',
  /** @deprecated use gray-base instead */
  'gray-500': 'var(--amino-gray-500)',
  /** @deprecated use gray-d20 instead */
  'gray-600': 'var(--amino-gray-600)',
  /** @deprecated use gray-d40 instead */
  'gray-700': 'var(--amino-gray-700)',
  /** @deprecated use gray-d60 instead */
  'gray-800': 'var(--amino-gray-800)',
  /** @deprecated use gray-d80 instead */
  'gray-900': 'var(--amino-gray-900)',
  /* BLUE PALETTE */
  'blue-l80': 'var(--amino-blue-l80)',
  'blue-l60': 'var(--amino-blue-l60)',
  'blue-l40': 'var(--amino-blue-l40)',
  'blue-l20': 'var(--amino-blue-l20)',
  'blue-base': 'var(--amino-blue-base)',
  'blue-d20': 'var(--amino-blue-d20)',
  'blue-d40': 'var(--amino-blue-d40)',
  'blue-d60': 'var(--amino-blue-d60)',
  'blue-d80': 'var(--amino-blue-d80)',
  'blue-alpha': 'var(--amino-blue-alpha)',
  'blue-50': 'var(--amino-blue-50)',
  /** @deprecated use blue-l80 instead */
  'blue-100': 'var(--amino-blue-100)',
  /** @deprecated use blue-l60 instead */
  'blue-200': 'var(--amino-blue-200)',
  /** @deprecated use blue-l40 instead */
  'blue-300': 'var(--amino-blue-300)',
  /** @deprecated use blue-l20 instead */
  'blue-400': 'var(--amino-blue-400)',
  /** @deprecated use blue-base instead */
  'blue-500': 'var(--amino-blue-500)',
  /** @deprecated use blue-d20 instead */
  'blue-600': 'var(--amino-blue-600)',
  /** @deprecated use blue-d40 instead */
  'blue-700': 'var(--amino-blue-700)',
  /** @deprecated use blue-d60 instead */
  'blue-800': 'var(--amino-blue-800)',
  /** @deprecated use blue-d80 instead */
  'blue-900': 'var(--amino-blue-900)',
  /* CYAN PALETTE */
  'cyan-l80': 'var(--amino-cyan-l80)',
  'cyan-l60': 'var(--amino-cyan-l60)',
  'cyan-l40': 'var(--amino-cyan-l40)',
  'cyan-l20': 'var(--amino-cyan-l20)',
  'cyan-base': 'var(--amino-cyan-base)',
  'cyan-d20': 'var(--amino-cyan-d20)',
  'cyan-d40': 'var(--amino-cyan-d40)',
  'cyan-d60': 'var(--amino-cyan-d60)',
  'cyan-d80': 'var(--amino-cyan-d80)',
  'cyan-alpha': 'var(--amino-cyan-alpha)',
  'cyan-50': 'var(--amino-cyan-50)',
  /** @deprecated --*/
  'cyan-100': 'var(--amino-cyan-100)',
  /** @deprecated use cyan-l60 instead */
  'cyan-200': 'var(--amino-cyan-200)',
  /** @deprecated use cyan-l40 instead */
  'cyan-300': 'var(--amino-cyan-300)',
  /** @deprecated use cyan-l20 instead */
  'cyan-400': 'var(--amino-cyan-400)',
  /** @deprecated use cyan-base instead */
  'cyan-500': 'var(--amino-cyan-500)',
  /** @deprecated use cyan-d20 instead */
  'cyan-600': 'var(--amino-cyan-600)',
  /** @deprecated use cyan-d40 instead */
  'cyan-700': 'var(--amino-cyan-700)',
  /** @deprecated use cyan-d60 instead */
  'cyan-800': 'var(--amino-cyan-800)',
  /** @deprecated use cyan-d80 instead */
  'cyan-900': 'var(--amino-cyan-900)',
  /* RED PALETTE */
  'red-l80': 'var(--amino-red-l80)',
  'red-l60': 'var(--amino-red-l60)',
  'red-l40': 'var(--amino-red-l40)',
  'red-l20': 'var(--amino-red-l20)',
  'red-base': 'var(--amino-red-base)',
  'red-d20': 'var(--amino-red-d20)',
  'red-d40': 'var(--amino-red-d40)',
  'red-d60': 'var(--amino-red-d60)',
  'red-d80': 'var(--amino-red-d80)',
  'red-alpha': 'var(--amino-red-alpha)',
  'red-50': 'var(--amino-red-50)',
  /** @deprecated use red-l80 instead */
  'red-100': 'var(--amino-red-100)',
  /** @deprecated use red-l60 instead */
  'red-200': 'var(--amino-red-200)',
  /** @deprecated use red-l40 instead */
  'red-300': 'var(--amino-red-300)',
  /** @deprecated use red-l20 instead */
  'red-400': 'var(--amino-red-400)',
  /** @deprecated use red-base instead */
  'red-500': 'var(--amino-red-500)',
  /** @deprecated use red-d20 instead */
  'red-600': 'var(--amino-red-600)',
  /** @deprecated use red-d40 instead */
  'red-700': 'var(--amino-red-700)',
  /** @deprecated use red-d60 instead */
  'red-800': 'var(--amino-red-800)',
  /** @deprecated use red-d80 instead */
  'red-900': 'var(--amino-red-900)',
  /* ORANGE PALETTE */
  'orange-l80': 'var(--amino-orange-l80)',
  'orange-l60': 'var(--amino-orange-l60)',
  'orange-l40': 'var(--amino-orange-l40)',
  'orange-l20': 'var(--amino-orange-l20)',
  'orange-base': 'var(--amino-orange-base)',
  'orange-d20': 'var(--amino-orange-d20)',
  'orange-d40': 'var(--amino-orange-d40)',
  'orange-d60': 'var(--amino-orange-d60)',
  'orange-d80': 'var(--amino-orange-d80)',
  'orange-alpha': 'var(--amino-orange-alpha)',
  'orange-50': 'var(--amino-orange-50)',
  /** @deprecated use orange-l80 instead */
  'orange-100': 'var(--amino-orange-100)',
  /** @deprecated use orange-l60 instead */
  'orange-200': 'var(--amino-orange-200)',
  /** @deprecated use orange-l40 instead */
  'orange-300': 'var(--amino-orange-300)',
  /** @deprecated use orange-l20 instead */
  'orange-400': 'var(--amino-orange-400)',
  /** @deprecated use orange-base instead */
  'orange-500': 'var(--amino-orange-500)',
  /** @deprecated use orange-d20 instead */
  'orange-600': 'var(--amino-orange-600)',
  /** @deprecated use orange-d40 instead */
  'orange-700': 'var(--amino-orange-700)',
  /** @deprecated use orange-d60 instead */
  'orange-800': 'var(--amino-orange-800)',
  /** @deprecated use orange-d80 instead */
  'orange-900': 'var(--amino-orange-900)',
  /* GREEN PALETTE */
  'green-l80': 'var(--amino-green-l80)',
  'green-l60': 'var(--amino-green-l60)',
  'green-l40': 'var(--amino-green-l40)',
  'green-l20': 'var(--amino-green-l20)',
  'green-base': 'var(--amino-green-base)',
  'green-d20': 'var(--amino-green-d20)',
  'green-d40': 'var(--amino-green-d40)',
  'green-d60': 'var(--amino-green-d60)',
  'green-d80': 'var(--amino-green-d80)',
  'green-alpha': 'var(--amino-green-alpha)',
  'green-50': 'var(--amino-green-50)',
  /** @deprecated use green-l80 instead */
  'green-100': 'var(--amino-green-100)',
  /** @deprecated use green-l60 instead */
  'green-200': 'var(--amino-green-200)',
  /** @deprecated use green-l40 instead */
  'green-300': 'var(--amino-green-300)',
  /** @deprecated use green-l20 instead */
  'green-400': 'var(--amino-green-400)',
  /** @deprecated use green-base instead */
  'green-500': 'var(--amino-green-500)',
  /** @deprecated use green-d20 instead */
  'green-600': 'var(--amino-green-600)',
  /** @deprecated use green-d40 instead */
  'green-700': 'var(--amino-green-700)',
  /** @deprecated use green-d60 instead */
  'green-800': 'var(--amino-green-800)',
  /** @deprecated use green-d80 instead */
  'green-900': 'var(--amino-green-900)',
  /* PURPLE */
  'purple-l80': 'var(--amino-purple-l80)',
  'purple-l60': 'var(--amino-purple-l60)',
  'purple-l40': 'var(--amino-purple-l40)',
  'purple-l20': 'var(--amino-purple-l20)',
  'purple-base': 'var(--amino-purple-base)',
  'purple-d20': 'var(--amino-purple-d20)',
  'purple-d40': 'var(--amino-purple-d40)',
  'purple-d60': 'var(--amino-purple-d60)',
  'purple-d80': 'var(--amino-purple-d80)',
  'purple-alpha': 'var(--amino-purple-alpha)',
  'purple-50': 'var(--amino-purple-50)',
  /** @deprecated use purple-l80 instead */
  'purple-100': 'var(--amino-purple-100)',
  /** @deprecated use purple-l60 instead */
  'purple-200': 'var(--amino-purple-200)',
  /** @deprecated use purple-l40 instead */
  'purple-300': 'var(--amino-purple-300)',
  /** @deprecated use purple-l20 instead */
  'purple-400': 'var(--amino-purple-400)',
  /** @deprecated use purple-base instead */
  'purple-500': 'var(--amino-purple-500)',
  /** @deprecated use purple-d20 instead */
  'purple-600': 'var(--amino-purple-600)',
  /** @deprecated use purple-d40 instead */
  'purple-700': 'var(--amino-purple-700)',
  /** @deprecated use purple-d60 instead */
  'purple-800': 'var(--amino-purple-800)',
  /** @deprecated use purple-d80 instead */
  'purple-900': 'var(--amino-purple-900)',
  /* YELLOW PALLETE */
  'yellow-l80': 'var(--amino-yellow-l80)',
  'yellow-l60': 'var(--amino-yellow-l60)',
  'yellow-l40': 'var(--amino-yellow-l40)',
  'yellow-l20': 'var(--amino-yellow-l20)',
  'yellow-base': 'var(--amino-yellow-base)',
  'yellow-d20': 'var(--amino-yellow-d20)',
  'yellow-d40': 'var(--amino-yellow-d40)',
  'yellow-d60': 'var(--amino-yellow-d60)',
  'yellow-d80': 'var(--amino-yellow-d80)',
  'yellow-alpha': 'var(--amino-yellow-alpha)',
  'yellow-50': 'var(--amino-yellow-50)',
  /** @deprecated use yellow-l80 instead */
  'yellow-100': 'var(--amino-yellow-100)',
  /** @deprecated use yellow-l60 instead */
  'yellow-200': 'var(--amino-yellow-200)',
  /** @deprecated use yellow-l40 instead */
  'yellow-300': 'var(--amino-yellow-300)',
  /** @deprecated use yellow-l20 instead */
  'yellow-400': 'var(--amino-yellow-400)',
  /** @deprecated use yellow-base instead */
  'yellow-500': 'var(--amino-yellow-500)',
  /** @deprecated use yellow-d20 instead */
  'yellow-600': 'var(--amino-yellow-600)',
  /** @deprecated use yellow-d40 instead */
  'yellow-700': 'var(--amino-yellow-700)',
  /** @deprecated use yellow-d60 instead */
  'yellow-800': 'var(--amino-yellow-800)',
  /** @deprecated use yellow-d80 instead */
  'yellow-900': 'var(--amino-yellow-900)',
  'amber-alpha': 'var(--amino-amber-alpha)',
  'amber-50': 'var(--amino-amber-50)',
  /** @deprecated use yellow-l80 instead */
  'amber-100': 'var(--amino-amber-100)',
  /** @deprecated use yellow-l60 instead */
  'amber-200': 'var(--amino-amber-200)',
  /** @deprecated use yellow-l40 instead */
  'amber-300': 'var(--amino-amber-300)',
  /** @deprecated use yellow-l20 instead */
  'amber-400': 'var(--amino-amber-400)',
  /** @deprecated use yellow-base instead */
  'amber-500': 'var(--amino-amber-500)',
  /** @deprecated use yellow-d20 instead */
  'amber-600': 'var(--amino-amber-600)',
  /** @deprecated use yellow-d40 instead */
  'amber-700': 'var(--amino-amber-700)',
  /** @deprecated use yellow-d60 instead */
  'amber-800': 'var(--amino-amber-800)',
  /** @deprecated use yellow-d80 instead */
  'amber-900': 'var(--amino-amber-900)',

  /* COMMON COLOR */
  'danger': 'var(--amino-danger)',
  'danger-dark': 'var(--amino-danger-dark)',
  'error': 'var(--amino-error)',
  'primary': 'var(--amino-primary)',
  'primary-light': 'var(--amino-primary-light)',
  'primary-dark': 'var(--amino-primary-dark)',
  'success': 'var(--amino-success)',
  'success-dark': 'var(--amino-success-dark)',
  'warning': 'var(--amino-warning)',
  'warning-dark': 'var(--amino-warning-dark)',

  /* GLOW COLOR */
  'glow-error': 'var(--amino-glow-error)',
  'glow-blue': 'var(--amino-glow-blue)',
  'glow-cyan': 'var(--amino-glow-cyan)',
  'glow-red': 'var(--amino-glow-red)',
  'glow-orange': 'var(--amino-glow-orange)',
  'glow-green': 'var(--amino-glow-green)',
  'glow-purple': 'var(--amino-glow-purple)',

  /* LAYOUT COLOR */
  'page-background': 'var(--amino-page-background)',
  'border-color': 'var(--amino-border-color)',
  'hover-color': 'var(--amino-hover-color)',
  'surface-color': 'var(--amino-surface-color)',
  'surface-color-secondary': 'var(--amino-surface-color-secondary)',
  'text-light': 'var(--amino-text-light)',
  'text-color': 'var(--amino-text-color)',
  'text-dark': 'var(--amino-text-dark)',
  'input-background': 'var(--amino-input-background)',

  /* BUTTON SIZE */
  'size-xl': 'var(--amino-size-xl)',
  'size-lg': 'var(--amino-size-lg)',
  'size-md': 'var(--amino-size-md)',
  'size-sm': 'var(--amino-size-sm)',

  /* BORDER RADIUS */
  /** @info 4px */
  'radius-sm': 'var(--amino-radius-sm)',
  /** @info 6px */
  'radius': 'var(--amino-radius)',
  /** @info 8px */
  'radius-lg': 'var(--amino-radius-lg)',
  /** @info 12px */
  'radius-xl': 'var(--amino-radius-xl)',

  /** @info px: 24px */
  'space': 'var(--amino-space)',
  /** @info px: -24px */
  'space-negative': 'var(--amino-space-negative)',
  /** @info px: 16px */
  'space-half': 'var(--amino-space-half)',
  /** @info px: -16px */
  'space-half-negative': 'var(--amino-space-half-negative)',
  /** @info px: 8px */
  'space-quarter': 'var(--amino-space-quarter)',
  /** @info px: -8px */
  'space-quarter-negative': 'var(--amino-space-quarter-negative)',
  /** @info px: 40px */
  'space-double': 'var(--amino-space-double)',
  /** @info px: -40px */
  'space-double-negative': 'var(--amino-space-double-negative)',

  /* LAYOUT STYLE */
  'appbar-height': 'var(--amino-appbar-height)',
  'sidebar-width': 'var(--amino-sidebar-width)',
  'sidebar-color': 'var(--amino-sidebar-color)',
  'header-color': 'var(--amino-header-color)',
  'backdrop-color': 'var(--amino-backdrop-color)',
  'elevation-0': 'var(--amino-elevation-0)',
  'elevation-100': 'var(--amino-elevation-100)',
  'elevation-200': 'var(--amino-elevation-200)',
  'elevation-300': 'var(--amino-elevation-300)',
  'elevation-400': 'var(--amino-elevation-400)',
  'elevation-500': 'var(--amino-elevation-500)',
  /** @info 400 */
  'dialog-elevation': 'var(--amino-dialog-elevation)',
  /** @info 500 */
  'toast-elevation': 'var(--amino-toast-elevation)',
  /** @info 500 */
  'appbar-elevation': 'var(--amino-appbar-elevation)',

  /* BOX SHADOW */
  'v3-shadow-inset': 'var(--amino-v3-shadow-inset)',
  'v3-shadow-base': 'var(--amino-v3-shadow-base)',
  'v3-shadow-medium': 'var(--amino-v3-shadow-medium)',
  'v3-shadow-large': 'var(--amino-v3-shadow-large)',
  'v3-shadow-xl': 'var(--amino-v3-shadow-xl)',
  'v3-shadow-xxl': 'var(--amino-v3-shadow-xxl)',
  /* LEGACY BOX SHADOW */
  /** @deprecated use v3-shadow-inset instead */
  'shadow-inset': 'var(--amino-shadow-inset)',
  /** @deprecated use v3-shadow-base instead */
  'shadow-small': 'var(--amino-shadow-small)',
  /** @deprecated use v3-shadow-medium instead */
  'shadow-base': 'var(--amino-shadow-base)',
  /** @deprecated use v3-shadow-large instead */
  'shadow-medium': 'var(--amino-shadow-medium)',
  /** @deprecated use v3-shadow-xl instead */
  'shadow-large': 'var(--amino-shadow-large)',
  /** @deprecated use v3-shadow-xxl instead */
  'shadow-larger': 'var(--amino-shadow-larger)',

  /* BORDER */
  'border': 'var(--amino-border)',
  'border-blue': 'var(--amino-border-blue)',
  'border-red': 'var(--amino-border-red)',
  'border-cyan': 'var(--amino-border-cyan)',
  'border-orange': 'var(--amino-border-orange)',
  'border-green': 'var(--amino-border-green)',
  'border-purple': 'var(--amino-border-purple)',
  'border-amber': 'var(--amino-border-amber)',
  'border-transparent': 'var(--amino-border-transparent)',

  /** @info 34px */
  'font-size-3xl': 'var(--amino-font-size-3xl)',
  /** @info 28px  */
  'font-size-2xl': 'var(--amino-font-size-2xl)',
  /** @info 22px */
  'font-size-xl': 'var(--amino-font-size-xl)',
  /** @info 18px */
  'font-size-l': 'var(--amino-font-size-l)',
  /** @info 14px */
  'font-size-base': 'var(--amino-font-size-base)',
  /** @info 12px */
  'font-size-s': 'var(--amino-font-size-s)',
  /** @info 10px */
  'font-size-xs': 'var(--amino-font-size-xs)',

  /* LEGACY FONT SIZE */
  'text-xxl': 'var(--amino-text-xxl)',
  'text-xl': 'var(--amino-text-xl)',
  'text-lg': 'var(--amino-text-lg)',
  'text-md': 'var(--amino-text-md)',
  'text-base': 'var(--amino-text-base)',
  'text-sm': 'var(--amino-text-sm)',
  'text-xs': 'var(--amino-text-xs)',

  /* LINE HEIGHT */
  'line-height-3xl': 'var(--amino-line-height-3xl)',
  'line-height-2xl': 'var(--amino-line-height-2xl)',
  'line-height-xl': 'var(--amino-line-height-xl)',
  'line-height-l': 'var(--amino-line-height-l)',
  'line-height-base': 'var(--amino-line-height-base)',
  'line-height-s': 'var(--amino-line-height-s)',
  'line-height-xs': 'var(--amino-line-height-xs)',

  /* FONTS */
  'font-sans': 'var(--amino-font-sans)',
  'font-mono': 'var(--amino-font-mono)',
} as const;

export type ThemeKey = keyof typeof theme;

export type ThemeValue = typeof theme[ThemeKey];"
`;
