// Jest Snapshot v1, https://goo.gl/fbAQLP

exports[`Case light theme 1`] = `
"export const theme = {
  /** @info all 0.2s ease-in-out 0s */
  /* THIS IS GENERATED VARIABLE! DON'T TOUCH IT!!! */
  transition: 'var(--amino-transition)',
  /** @info 16px */
  /* THIS IS GENERATED VARIABLE! DON'T TOUCH IT!!! */
  typeScaleBase: 'var(--amino-type-scale-base)',

  /** @info #0c0c0d */
  /* THIS IS GENERATED VARIABLE! DON'T TOUCH IT!!! */
  black: 'var(--amino-black)',
  /* GRAY PALETTE */
  /** @info #f5f5f6 */
  /* THIS IS GENERATED VARIABLE! DON'T TOUCH IT!!! */
  grayL80: 'var(--amino-gray-l80)',
  /** @info #eaeaec */
  /* THIS IS GENERATED VARIABLE! DON'T TOUCH IT!!! */
  grayL60: 'var(--amino-gray-l60)',
  /** @info #d6d6d9 */
  /* THIS IS GENERATED VARIABLE! DON'T TOUCH IT!!! */
  grayL40: 'var(--amino-gray-l40)',
  /** @info #b7b7bd */
  /* THIS IS GENERATED VARIABLE! DON'T TOUCH IT!!! */
  grayL20: 'var(--amino-gray-l20)',
  /** @info #9898a0 */
  /* THIS IS GENERATED VARIABLE! DON'T TOUCH IT!!! */
  grayBase: 'var(--amino-gray-base)',
  /** @info #7a7a80 */
  /* THIS IS GENERATED VARIABLE! DON'T TOUCH IT!!! */
  grayD20: 'var(--amino-gray-d20)',
  /** @info #5b5b60 */
  /* THIS IS GENERATED VARIABLE! DON'T TOUCH IT!!! */
  grayD40: 'var(--amino-gray-d40)',
  /** @info #3d3d40 */
  /* THIS IS GENERATED VARIABLE! DON'T TOUCH IT!!! */
  grayD60: 'var(--amino-gray-d60)',
  /** @info #232326 */
  /* THIS IS GENERATED VARIABLE! DON'T TOUCH IT!!! */
  grayD80: 'var(--amino-gray-d80)',
  /** @info #f9fafb */
  /* THIS IS GENERATED VARIABLE! DON'T TOUCH IT!!! */
  grayAlpha: 'var(--amino-gray-alpha)',
  /** @info #f9fafb */
  /* THIS IS GENERATED VARIABLE! DON'T TOUCH IT!!! */
  gray50: 'var(--amino-gray-50)',
  /** @deprecated use grayL80 instead */
  /* THIS IS GENERATED VARIABLE! DON'T TOUCH IT!!! */
  gray100: 'var(--amino-gray-100)',
  /** @deprecated use grayL60 instead */
  /* THIS IS GENERATED VARIABLE! DON'T TOUCH IT!!! */
  gray200: 'var(--amino-gray-200)',
  /** @deprecated use grayL40 instead */
  /* THIS IS GENERATED VARIABLE! DON'T TOUCH IT!!! */
  gray300: 'var(--amino-gray-300)',
  /** @deprecated use grayL20 instead */
  /* THIS IS GENERATED VARIABLE! DON'T TOUCH IT!!! */
  gray400: 'var(--amino-gray-400)',
  /** @deprecated use grayBase instead */
  /* THIS IS GENERATED VARIABLE! DON'T TOUCH IT!!! */
  gray500: 'var(--amino-gray-500)',
  /** @deprecated use grayD20 instead */
  /* THIS IS GENERATED VARIABLE! DON'T TOUCH IT!!! */
  gray600: 'var(--amino-gray-600)',
  /** @deprecated use grayD40 instead */
  /* THIS IS GENERATED VARIABLE! DON'T TOUCH IT!!! */
  gray700: 'var(--amino-gray-700)',
  /** @deprecated use grayD60 instead */
  /* THIS IS GENERATED VARIABLE! DON'T TOUCH IT!!! */
  gray800: 'var(--amino-gray-800)',
  /** @deprecated use grayD80 instead */
  /* THIS IS GENERATED VARIABLE! DON'T TOUCH IT!!! */
  gray900: 'var(--amino-gray-900)',

  /* BLUE PALETTE */
  /** @info #e9ebff */
  /* THIS IS GENERATED VARIABLE! DON'T TOUCH IT!!! */
  blueL80: 'var(--amino-blue-l80)',
  /** @info #a7afff */
  /* THIS IS GENERATED VARIABLE! DON'T TOUCH IT!!! */
  blueL60: 'var(--amino-blue-l60)',
  /** @info #7b86ff */
  /* THIS IS GENERATED VARIABLE! DON'T TOUCH IT!!! */
  blueL40: 'var(--amino-blue-l40)',
  /** @info #4f5eff */
  /* THIS IS GENERATED VARIABLE! DON'T TOUCH IT!!! */
  blueL20: 'var(--amino-blue-l20)',
  /** @info #2337ff */
  /* THIS IS GENERATED VARIABLE! DON'T TOUCH IT!!! */
  blueBase: 'var(--amino-blue-base)',
  /** @info #1c2aca */
  /* THIS IS GENERATED VARIABLE! DON'T TOUCH IT!!! */
  blueD20: 'var(--amino-blue-d20)',
  /** @info #152099 */
  /* THIS IS GENERATED VARIABLE! DON'T TOUCH IT!!! */
  blueD40: 'var(--amino-blue-d40)',
  /** @info #0f1666 */
  /* THIS IS GENERATED VARIABLE! DON'T TOUCH IT!!! */
  blueD60: 'var(--amino-blue-d60)',
  /** @info #1d233b */
  /* THIS IS GENERATED VARIABLE! DON'T TOUCH IT!!! */
  blueD80: 'var(--amino-blue-d80)',
  /** @info #2190ff80 */
  /* THIS IS GENERATED VARIABLE! DON'T TOUCH IT!!! */
  blueAlpha: 'var(--amino-blue-alpha)',
  /** @info #ebf5ff */
  /* THIS IS GENERATED VARIABLE! DON'T TOUCH IT!!! */
  blue50: 'var(--amino-blue-50)',
  /** @deprecated use blueL80 instead */
  /* THIS IS GENERATED VARIABLE! DON'T TOUCH IT!!! */
  blue100: 'var(--amino-blue-100)',
  /** @deprecated use blueL60 instead */
  /* THIS IS GENERATED VARIABLE! DON'T TOUCH IT!!! */
  blue200: 'var(--amino-blue-200)',
  /** @deprecated use blueL40 instead */
  /* THIS IS GENERATED VARIABLE! DON'T TOUCH IT!!! */
  blue300: 'var(--amino-blue-300)',
  /** @deprecated use blueL20 instead */
  /* THIS IS GENERATED VARIABLE! DON'T TOUCH IT!!! */
  blue400: 'var(--amino-blue-400)',
  /** @deprecated use blueBase instead */
  /* THIS IS GENERATED VARIABLE! DON'T TOUCH IT!!! */
  blue500: 'var(--amino-blue-500)',
  /** @deprecated use blueD20 instead */
  /* THIS IS GENERATED VARIABLE! DON'T TOUCH IT!!! */
  blue600: 'var(--amino-blue-600)',
  /** @deprecated use blueD40 instead */
  /* THIS IS GENERATED VARIABLE! DON'T TOUCH IT!!! */
  blue700: 'var(--amino-blue-700)',
  /** @deprecated use blueD60 instead */
  /* THIS IS GENERATED VARIABLE! DON'T TOUCH IT!!! */
  blue800: 'var(--amino-blue-800)',
  /** @deprecated use blueD80 instead */
  /* THIS IS GENERATED VARIABLE! DON'T TOUCH IT!!! */
  blue900: 'var(--amino-blue-900)',

  /* CYAN PALETTE */
  /** @info #e9fcff */
  /* THIS IS GENERATED VARIABLE! DON'T TOUCH IT!!! */
  cyanL80: 'var(--amino-cyan-l80)',
  /** @info #a5edf6 */
  /* THIS IS GENERATED VARIABLE! DON'T TOUCH IT!!! */
  cyanL60: 'var(--amino-cyan-l60)',
  /** @info #77e3f2 */
  /* THIS IS GENERATED VARIABLE! DON'T TOUCH IT!!! */
  cyanL40: 'var(--amino-cyan-l40)',
  /** @info #4adaed */
  /* THIS IS GENERATED VARIABLE! DON'T TOUCH IT!!! */
  cyanL20: 'var(--amino-cyan-l20)',
  /** @info #1dd1e9 */
  /* THIS IS GENERATED VARIABLE! DON'T TOUCH IT!!! */
  cyanBase: 'var(--amino-cyan-base)',
  /** @info #17a7ba */
  /* THIS IS GENERATED VARIABLE! DON'T TOUCH IT!!! */
  cyanD20: 'var(--amino-cyan-d20)',
  /** @info #117d8c */
  /* THIS IS GENERATED VARIABLE! DON'T TOUCH IT!!! */
  cyanD40: 'var(--amino-cyan-d40)',
  /** @info #0c545d */
  /* THIS IS GENERATED VARIABLE! DON'T TOUCH IT!!! */
  cyanD60: 'var(--amino-cyan-d60)',
  /** @info #1d363b */
  /* THIS IS GENERATED VARIABLE! DON'T TOUCH IT!!! */
  cyanD80: 'var(--amino-cyan-d80)',
  /** @info #00dfe380 */
  /* THIS IS GENERATED VARIABLE! DON'T TOUCH IT!!! */
  cyanAlpha: 'var(--amino-cyan-alpha)',
  /** @info #e9fcff */
  /* THIS IS GENERATED VARIABLE! DON'T TOUCH IT!!! */
  cyan50: 'var(--amino-cyan-50)',
  /** @deprecated use cyanL80 instead */
  /* THIS IS GENERATED VARIABLE! DON'T TOUCH IT!!! */
  cyan100: 'var(--amino-cyan-100)',
  /** @deprecated use cyanL60 instead */
  /* THIS IS GENERATED VARIABLE! DON'T TOUCH IT!!! */
  cyan200: 'var(--amino-cyan-200)',
  /** @deprecated use cyanL40 instead */
  /* THIS IS GENERATED VARIABLE! DON'T TOUCH IT!!! */
  cyan300: 'var(--amino-cyan-300)',
  /** @deprecated use cyanL20 instead */
  /* THIS IS GENERATED VARIABLE! DON'T TOUCH IT!!! */
  cyan400: 'var(--amino-cyan-400)',
  /** @deprecated use cyanBase instead */
  /* THIS IS GENERATED VARIABLE! DON'T TOUCH IT!!! */
  cyan500: 'var(--amino-cyan-500)',
  /** @deprecated use cyanD20 instead */
  /* THIS IS GENERATED VARIABLE! DON'T TOUCH IT!!! */
  cyan600: 'var(--amino-cyan-600)',
  /** @deprecated use cyanD40 instead */
  /* THIS IS GENERATED VARIABLE! DON'T TOUCH IT!!! */
  cyan700: 'var(--amino-cyan-700)',
  /** @deprecated use cyanD60 instead */
  /* THIS IS GENERATED VARIABLE! DON'T TOUCH IT!!! */
  cyan800: 'var(--amino-cyan-800)',
  /** @deprecated use cyanD80 instead */
  /* THIS IS GENERATED VARIABLE! DON'T TOUCH IT!!! */
  cyan900: 'var(--amino-cyan-900)',

  /* RED PALETTE */
  /** @info #fde5eb */
  /* THIS IS GENERATED VARIABLE! DON'T TOUCH IT!!! */
  redL80: 'var(--amino-red-l80)',
  /** @info #f899b1 */
  /* THIS IS GENERATED VARIABLE! DON'T TOUCH IT!!! */
  redL60: 'var(--amino-red-l60)',
  /** @info #f5668a */
  /* THIS IS GENERATED VARIABLE! DON'T TOUCH IT!!! */
  redL40: 'var(--amino-red-l40)',
  /** @info #f13363 */
  /* THIS IS GENERATED VARIABLE! DON'T TOUCH IT!!! */
  redL20: 'var(--amino-red-l20)',
  /** @info #ee003c */
  /* THIS IS GENERATED VARIABLE! DON'T TOUCH IT!!! */
  redBase: 'var(--amino-red-base)',
  /** @info #be0030 */
  /* THIS IS GENERATED VARIABLE! DON'T TOUCH IT!!! */
  redD20: 'var(--amino-red-d20)',
  /** @info #8f0024 */
  /* THIS IS GENERATED VARIABLE! DON'T TOUCH IT!!! */
  redD40: 'var(--amino-red-d40)',
  /** @info #5f0018 */
  /* THIS IS GENERATED VARIABLE! DON'T TOUCH IT!!! */
  redD60: 'var(--amino-red-d60)',
  /** @info #371822 */
  /* THIS IS GENERATED VARIABLE! DON'T TOUCH IT!!! */
  redD80: 'var(--amino-red-d80)',
  /** @info #e0451a80 */
  /* THIS IS GENERATED VARIABLE! DON'T TOUCH IT!!! */
  redAlpha: 'var(--amino-red-alpha)',
  /** @info #fef2f2 */
  /* THIS IS GENERATED VARIABLE! DON'T TOUCH IT!!! */
  red50: 'var(--amino-red-50)',
  /** @deprecated use redL80 instead */
  /* THIS IS GENERATED VARIABLE! DON'T TOUCH IT!!! */
  red100: 'var(--amino-red-100)',
  /** @deprecated use redL60 instead */
  /* THIS IS GENERATED VARIABLE! DON'T TOUCH IT!!! */
  red200: 'var(--amino-red-200)',
  /** @deprecated use redL40 instead */
  /* THIS IS GENERATED VARIABLE! DON'T TOUCH IT!!! */
  red300: 'var(--amino-red-300)',
  /** @deprecated use redL20 instead */
  /* THIS IS GENERATED VARIABLE! DON'T TOUCH IT!!! */
  red400: 'var(--amino-red-400)',
  /** @deprecated use redBase instead */
  /* THIS IS GENERATED VARIABLE! DON'T TOUCH IT!!! */
  red500: 'var(--amino-red-500)',
  /** @deprecated use redD20 instead */
  /* THIS IS GENERATED VARIABLE! DON'T TOUCH IT!!! */
  red600: 'var(--amino-red-600)',
  /** @deprecated use redD40 instead */
  /* THIS IS GENERATED VARIABLE! DON'T TOUCH IT!!! */
  red700: 'var(--amino-red-700)',
  /** @deprecated use redD60 instead */
  /* THIS IS GENERATED VARIABLE! DON'T TOUCH IT!!! */
  red800: 'var(--amino-red-800)',
  /** @deprecated use redD80 instead */
  /* THIS IS GENERATED VARIABLE! DON'T TOUCH IT!!! */
  red900: 'var(--amino-red-900)',

  /* ORANGE PALETTE */
  /** @info #fff0e5 */
  /* THIS IS GENERATED VARIABLE! DON'T TOUCH IT!!! */
  orangeL80: 'var(--amino-orange-l80)',
  /** @info #ffc499 */
  /* THIS IS GENERATED VARIABLE! DON'T TOUCH IT!!! */
  orangeL60: 'var(--amino-orange-l60)',
  /** @info #ffa666 */
  /* THIS IS GENERATED VARIABLE! DON'T TOUCH IT!!! */
  orangeL40: 'var(--amino-orange-l40)',
  /** @info #ff8933 */
  /* THIS IS GENERATED VARIABLE! DON'T TOUCH IT!!! */
  orangeL20: 'var(--amino-orange-l20)',
  /** @info #ff6b00 */
  /* THIS IS GENERATED VARIABLE! DON'T TOUCH IT!!! */
  orangeBase: 'var(--amino-orange-base)',
  /** @info #cc5600 */
  /* THIS IS GENERATED VARIABLE! DON'T TOUCH IT!!! */
  orangeD20: 'var(--amino-orange-d20)',
  /** @info #994000 */
  /* THIS IS GENERATED VARIABLE! DON'T TOUCH IT!!! */
  orangeD40: 'var(--amino-orange-d40)',
  /** @info #662b00 */
  /* THIS IS GENERATED VARIABLE! DON'T TOUCH IT!!! */
  orangeD60: 'var(--amino-orange-d60)',
  /** @info #39271c */
  /* THIS IS GENERATED VARIABLE! DON'T TOUCH IT!!! */
  orangeD80: 'var(--amino-orange-d80)',
  /** @info #ffa51e80 */
  /* THIS IS GENERATED VARIABLE! DON'T TOUCH IT!!! */
  orangeAlpha: 'var(--amino-orange-alpha)',
  /** @info #fff0e5 */
  /* THIS IS GENERATED VARIABLE! DON'T TOUCH IT!!! */
  orange50: 'var(--amino-orange-50)',
  /** @deprecated use orangeL80 instead */
  /* THIS IS GENERATED VARIABLE! DON'T TOUCH IT!!! */
  orange100: 'var(--amino-orange-100)',
  /** @deprecated use orangeL60 instead */
  /* THIS IS GENERATED VARIABLE! DON'T TOUCH IT!!! */
  orange200: 'var(--amino-orange-200)',
  /** @deprecated use orangeL40 instead */
  /* THIS IS GENERATED VARIABLE! DON'T TOUCH IT!!! */
  orange300: 'var(--amino-orange-300)',
  /** @deprecated use orangeL20 instead */
  /* THIS IS GENERATED VARIABLE! DON'T TOUCH IT!!! */
  orange400: 'var(--amino-orange-400)',
  /** @deprecated use orangeBase instead */
  /* THIS IS GENERATED VARIABLE! DON'T TOUCH IT!!! */
  orange500: 'var(--amino-orange-500)',
  /** @deprecated use orangeD20 instead */
  /* THIS IS GENERATED VARIABLE! DON'T TOUCH IT!!! */
  orange600: 'var(--amino-orange-600)',
  /** @deprecated use orangeD40 instead */
  /* THIS IS GENERATED VARIABLE! DON'T TOUCH IT!!! */
  orange700: 'var(--amino-orange-700)',
  /** @deprecated use orangeD60 instead */
  /* THIS IS GENERATED VARIABLE! DON'T TOUCH IT!!! */
  orange800: 'var(--amino-orange-800)',
  /** @deprecated use orangeD80 instead */
  /* THIS IS GENERATED VARIABLE! DON'T TOUCH IT!!! */
  orange900: 'var(--amino-orange-900)',

  /* GREEN PALETTE */
  /** @info #e5f9e5 */
  /* THIS IS GENERATED VARIABLE! DON'T TOUCH IT!!! */
  greenL80: 'var(--amino-green-l80)',
  /** @info #99e799 */
  /* THIS IS GENERATED VARIABLE! DON'T TOUCH IT!!! */
  greenL60: 'var(--amino-green-l60)',
  /** @info #66db66 */
  /* THIS IS GENERATED VARIABLE! DON'T TOUCH IT!!! */
  greenL40: 'var(--amino-green-l40)',
  /** @info #33cf33 */
  /* THIS IS GENERATED VARIABLE! DON'T TOUCH IT!!! */
  greenL20: 'var(--amino-green-l20)',
  /** @info #00c300 */
  /* THIS IS GENERATED VARIABLE! DON'T TOUCH IT!!! */
  greenBase: 'var(--amino-green-base)',
  /** @info #009c00 */
  /* THIS IS GENERATED VARIABLE! DON'T TOUCH IT!!! */
  greenD20: 'var(--amino-green-d20)',
  /** @info #007500 */
  /* THIS IS GENERATED VARIABLE! DON'T TOUCH IT!!! */
  greenD40: 'var(--amino-green-d40)',
  /** @info #004e00 */
  /* THIS IS GENERATED VARIABLE! DON'T TOUCH IT!!! */
  greenD60: 'var(--amino-green-d60)',
  /** @info #17311a */
  /* THIS IS GENERATED VARIABLE! DON'T TOUCH IT!!! */
  greenD80: 'var(--amino-green-d80)',
  /** @info #ecfdf580 */
  /* THIS IS GENERATED VARIABLE! DON'T TOUCH IT!!! */
  greenAlpha: 'var(--amino-green-alpha)',
  /** @info #ecfdf5 */
  /* THIS IS GENERATED VARIABLE! DON'T TOUCH IT!!! */
  green50: 'var(--amino-green-50)',
  /** @deprecated use greenL80 instead */
  /* THIS IS GENERATED VARIABLE! DON'T TOUCH IT!!! */
  green100: 'var(--amino-green-100)',
  /** @deprecated use greenL60 instead */
  /* THIS IS GENERATED VARIABLE! DON'T TOUCH IT!!! */
  green200: 'var(--amino-green-200)',
  /** @deprecated use greenL40 instead */
  /* THIS IS GENERATED VARIABLE! DON'T TOUCH IT!!! */
  green300: 'var(--amino-green-300)',
  /** @deprecated use greenL20 instead */
  /* THIS IS GENERATED VARIABLE! DON'T TOUCH IT!!! */
  green400: 'var(--amino-green-400)',
  /** @deprecated use greenBase instead */
  /* THIS IS GENERATED VARIABLE! DON'T TOUCH IT!!! */
  green500: 'var(--amino-green-500)',
  /** @deprecated use greenD20 instead */
  /* THIS IS GENERATED VARIABLE! DON'T TOUCH IT!!! */
  green600: 'var(--amino-green-600)',
  /** @deprecated use greenD40 instead */
  /* THIS IS GENERATED VARIABLE! DON'T TOUCH IT!!! */
  green700: 'var(--amino-green-700)',
  /** @deprecated use greenD60 instead */
  /* THIS IS GENERATED VARIABLE! DON'T TOUCH IT!!! */
  green800: 'var(--amino-green-800)',
  /** @deprecated use greenD80 instead */
  /* THIS IS GENERATED VARIABLE! DON'T TOUCH IT!!! */
  green900: 'var(--amino-green-900)',

  /* PURPLE */
  /** @info #f5e5ff */
  /* THIS IS GENERATED VARIABLE! DON'T TOUCH IT!!! */
  purpleL80: 'var(--amino-purple-l80)',
  /** @info #d599ff */
  /* THIS IS GENERATED VARIABLE! DON'T TOUCH IT!!! */
  purpleL60: 'var(--amino-purple-l60)',
  /** @info #c066ff */
  /* THIS IS GENERATED VARIABLE! DON'T TOUCH IT!!! */
  purpleL40: 'var(--amino-purple-l40)',
  /** @info #ab33ff */
  /* THIS IS GENERATED VARIABLE! DON'T TOUCH IT!!! */
  purpleL20: 'var(--amino-purple-l20)',
  /** @info #9600ff */
  /* THIS IS GENERATED VARIABLE! DON'T TOUCH IT!!! */
  purpleBase: 'var(--amino-purple-base)',
  /** @info #7800cc */
  /* THIS IS GENERATED VARIABLE! DON'T TOUCH IT!!! */
  purpleD20: 'var(--amino-purple-d20)',
  /** @info #5a0099 */
  /* THIS IS GENERATED VARIABLE! DON'T TOUCH IT!!! */
  purpleD40: 'var(--amino-purple-d40)',
  /** @info #3c0066 */
  /* THIS IS GENERATED VARIABLE! DON'T TOUCH IT!!! */
  purpleD60: 'var(--amino-purple-d60)',
  /** @info #2c183b */
  /* THIS IS GENERATED VARIABLE! DON'T TOUCH IT!!! */
  purpleD80: 'var(--amino-purple-d80)',
  /** @info #f5f3ff80 */
  /* THIS IS GENERATED VARIABLE! DON'T TOUCH IT!!! */
  purpleAlpha: 'var(--amino-purple-alpha)',
  /** @info #f5f3ff */
  /* THIS IS GENERATED VARIABLE! DON'T TOUCH IT!!! */
  purple50: 'var(--amino-purple-50)',
  /** @deprecated use purpleL80 instead */
  /* THIS IS GENERATED VARIABLE! DON'T TOUCH IT!!! */
  purple100: 'var(--amino-purple-100)',
  /** @deprecated use purpleL60 instead */
  /* THIS IS GENERATED VARIABLE! DON'T TOUCH IT!!! */
  purple200: 'var(--amino-purple-200)',
  /** @deprecated use purpleL40 instead */
  /* THIS IS GENERATED VARIABLE! DON'T TOUCH IT!!! */
  purple300: 'var(--amino-purple-300)',
  /** @deprecated use purpleL20 instead */
  /* THIS IS GENERATED VARIABLE! DON'T TOUCH IT!!! */
  purple400: 'var(--amino-purple-400)',
  /** @deprecated use purpleBase instead */
  /* THIS IS GENERATED VARIABLE! DON'T TOUCH IT!!! */
  purple500: 'var(--amino-purple-500)',
  /** @deprecated use purpleD20 instead */
  /* THIS IS GENERATED VARIABLE! DON'T TOUCH IT!!! */
  purple600: 'var(--amino-purple-600)',
  /** @deprecated use purpleD40 instead */
  /* THIS IS GENERATED VARIABLE! DON'T TOUCH IT!!! */
  purple700: 'var(--amino-purple-700)',
  /** @deprecated use purpleD60 instead */
  /* THIS IS GENERATED VARIABLE! DON'T TOUCH IT!!! */
  purple800: 'var(--amino-purple-800)',
  /** @deprecated use purpleD80 instead */
  /* THIS IS GENERATED VARIABLE! DON'T TOUCH IT!!! */
  purple900: 'var(--amino-purple-900)',

  /* YELLOW PALLETE */
  /** @info #fff9e5 */
  /* THIS IS GENERATED VARIABLE! DON'T TOUCH IT!!! */
  yellowL80: 'var(--amino-yellow-l80)',
  /** @info #ffe999 */
  /* THIS IS GENERATED VARIABLE! DON'T TOUCH IT!!! */
  yellowL60: 'var(--amino-yellow-l60)',
  /** @info #ffdd66 */
  /* THIS IS GENERATED VARIABLE! DON'T TOUCH IT!!! */
  yellowL40: 'var(--amino-yellow-l40)',
  /** @info #ffd233 */
  /* THIS IS GENERATED VARIABLE! DON'T TOUCH IT!!! */
  yellowL20: 'var(--amino-yellow-l20)',
  /** @info #ffc700 */
  /* THIS IS GENERATED VARIABLE! DON'T TOUCH IT!!! */
  yellowBase: 'var(--amino-yellow-base)',
  /** @info #cc9f00 */
  /* THIS IS GENERATED VARIABLE! DON'T TOUCH IT!!! */
  yellowD20: 'var(--amino-yellow-d20)',
  /** @info #997700 */
  /* THIS IS GENERATED VARIABLE! DON'T TOUCH IT!!! */
  yellowD40: 'var(--amino-yellow-d40)',
  /** @info #665000 */
  /* THIS IS GENERATED VARIABLE! DON'T TOUCH IT!!! */
  yellowD60: 'var(--amino-yellow-d60)',
  /** @info #39321c */
  /* THIS IS GENERATED VARIABLE! DON'T TOUCH IT!!! */
  yellowD80: 'var(--amino-yellow-d80)',
  /** @info #fffbeb80 */
  /* THIS IS GENERATED VARIABLE! DON'T TOUCH IT!!! */
  yellowAlpha: 'var(--amino-yellow-alpha)',
  /** @info #fffbeb */
  /* THIS IS GENERATED VARIABLE! DON'T TOUCH IT!!! */
  yellow50: 'var(--amino-yellow-50)',
  /** @deprecated use yellowL80 instead */
  /* THIS IS GENERATED VARIABLE! DON'T TOUCH IT!!! */
  yellow100: 'var(--amino-yellow-100)',
  /** @deprecated use yellowL60 instead */
  /* THIS IS GENERATED VARIABLE! DON'T TOUCH IT!!! */
  yellow200: 'var(--amino-yellow-200)',
  /** @deprecated use yellowL40 instead */
  /* THIS IS GENERATED VARIABLE! DON'T TOUCH IT!!! */
  yellow300: 'var(--amino-yellow-300)',
  /** @deprecated use yellowL20 instead */
  /* THIS IS GENERATED VARIABLE! DON'T TOUCH IT!!! */
  yellow400: 'var(--amino-yellow-400)',
  /** @deprecated use yellowBase instead */
  /* THIS IS GENERATED VARIABLE! DON'T TOUCH IT!!! */
  yellow500: 'var(--amino-yellow-500)',
  /** @deprecated use yellowD20 instead */
  /* THIS IS GENERATED VARIABLE! DON'T TOUCH IT!!! */
  yellow600: 'var(--amino-yellow-600)',
  /** @deprecated use yellowD40 instead */
  /* THIS IS GENERATED VARIABLE! DON'T TOUCH IT!!! */
  yellow700: 'var(--amino-yellow-700)',
  /** @deprecated use yellowD60 instead */
  /* THIS IS GENERATED VARIABLE! DON'T TOUCH IT!!! */
  yellow800: 'var(--amino-yellow-800)',
  /** @deprecated use yellowD80 instead */
  /* THIS IS GENERATED VARIABLE! DON'T TOUCH IT!!! */
  yellow900: 'var(--amino-yellow-900)',
  /** @info #fffbeb80 */
  /* THIS IS GENERATED VARIABLE! DON'T TOUCH IT!!! */
  amberAlpha: 'var(--amino-amber-alpha)',
  /** @info #fffbeb */
  /* THIS IS GENERATED VARIABLE! DON'T TOUCH IT!!! */
  amber50: 'var(--amino-amber-50)',
  /** @deprecated use yellowL80 instead */
  /* THIS IS GENERATED VARIABLE! DON'T TOUCH IT!!! */
  amber100: 'var(--amino-amber-100)',
  /** @deprecated use yellowL60 instead */
  /* THIS IS GENERATED VARIABLE! DON'T TOUCH IT!!! */
  amber200: 'var(--amino-amber-200)',
  /** @deprecated use yellowL40 instead */
  /* THIS IS GENERATED VARIABLE! DON'T TOUCH IT!!! */
  amber300: 'var(--amino-amber-300)',
  /** @deprecated use yellowL20 instead */
  /* THIS IS GENERATED VARIABLE! DON'T TOUCH IT!!! */
  amber400: 'var(--amino-amber-400)',
  /** @deprecated use yellowBase instead */
  /* THIS IS GENERATED VARIABLE! DON'T TOUCH IT!!! */
  amber500: 'var(--amino-amber-500)',
  /** @deprecated use yellowD20 instead */
  /* THIS IS GENERATED VARIABLE! DON'T TOUCH IT!!! */
  amber600: 'var(--amino-amber-600)',
  /** @deprecated use yellowD40 instead */
  /* THIS IS GENERATED VARIABLE! DON'T TOUCH IT!!! */
  amber700: 'var(--amino-amber-700)',
  /** @deprecated use yellowD60 instead */
  /* THIS IS GENERATED VARIABLE! DON'T TOUCH IT!!! */
  amber800: 'var(--amino-amber-800)',
  /** @deprecated use yellowD80 instead */
  /* THIS IS GENERATED VARIABLE! DON'T TOUCH IT!!! */
  amber900: 'var(--amino-amber-900)',

  /* COMMON COLOR */
  /** @info var(--amino-red-base) */
  /* THIS IS GENERATED VARIABLE! DON'T TOUCH IT!!! */
  danger: 'var(--amino-danger)',
  /** @info var(--amino-red-d20) */
  /* THIS IS GENERATED VARIABLE! DON'T TOUCH IT!!! */
  dangerDark: 'var(--amino-danger-dark)',
  /** @info var(--amino-red-base) */
  /* THIS IS GENERATED VARIABLE! DON'T TOUCH IT!!! */
  error: 'var(--amino-error)',
  /** @info var(--amino-blue-base) */
  /* THIS IS GENERATED VARIABLE! DON'T TOUCH IT!!! */
  primary: 'var(--amino-primary)',
  /** @info var(--amino-blue-l20) */
  /* THIS IS GENERATED VARIABLE! DON'T TOUCH IT!!! */
  primaryLight: 'var(--amino-primary-light)',
  /** @info var(--amino-blue-d40) */
  /* THIS IS GENERATED VARIABLE! DON'T TOUCH IT!!! */
  primaryDark: 'var(--amino-primary-dark)',
  /** @info var(--amino-green-l60) */
  /* THIS IS GENERATED VARIABLE! DON'T TOUCH IT!!! */
  success: 'var(--amino-success)',
  /** @info var(--amino-green-d20) */
  /* THIS IS GENERATED VARIABLE! DON'T TOUCH IT!!! */
  successDark: 'var(--amino-success-dark)',
  /** @info var(--amino-amber-l80) */
  /* THIS IS GENERATED VARIABLE! DON'T TOUCH IT!!! */
  warning: 'var(--amino-warning)',
  /** @info var(--amino-amber-d20) */
  /* THIS IS GENERATED VARIABLE! DON'T TOUCH IT!!! */
  warningDark: 'var(--amino-warning-dark)',

  /* GLOW COLOR */
  /** @info 0 0 0 1px var(--amino-red-base) */
  /* THIS IS GENERATED VARIABLE! DON'T TOUCH IT!!! */
  glowError: 'var(--amino-glow-error)',
  /** @info 0 0 0 1px var(--amino-primary) */
  /* THIS IS GENERATED VARIABLE! DON'T TOUCH IT!!! */
  glowBlue: 'var(--amino-glow-blue)',
  /** @info 0 0 0 1px var(--amino-cyan-alpha) */
  /* THIS IS GENERATED VARIABLE! DON'T TOUCH IT!!! */
  glowCyan: 'var(--amino-glow-cyan)',
  /** @info 0 0 0 1px var(--amino-red-alpha) */
  /* THIS IS GENERATED VARIABLE! DON'T TOUCH IT!!! */
  glowRed: 'var(--amino-glow-red)',
  /** @info 0 0 0 1px var(--amino-orange-alpha) */
  /* THIS IS GENERATED VARIABLE! DON'T TOUCH IT!!! */
  glowOrange: 'var(--amino-glow-orange)',
  /** @info 0 0 0 1px var(--amino-green-alpha) */
  /* THIS IS GENERATED VARIABLE! DON'T TOUCH IT!!! */
  glowGreen: 'var(--amino-glow-green)',
  /** @info 0 0 0 1px var(--amino-purple-alpha) */
  /* THIS IS GENERATED VARIABLE! DON'T TOUCH IT!!! */
  glowPurple: 'var(--amino-glow-purple)',

  /* LAYOUT COLOR */
  /** @info white */
  /* THIS IS GENERATED VARIABLE! DON'T TOUCH IT!!! */
  pageBackground: 'var(--amino-page-background)',
  /** @info var(--amino-gray-l60) */
  /* THIS IS GENERATED VARIABLE! DON'T TOUCH IT!!! */
  borderColor: 'var(--amino-border-color)',
  /** @info var(--amino-gray-50) */
  /* THIS IS GENERATED VARIABLE! DON'T TOUCH IT!!! */
  hoverColor: 'var(--amino-hover-color)',
  /** @info white */
  /* THIS IS GENERATED VARIABLE! DON'T TOUCH IT!!! */
  surfaceColor: 'var(--amino-surface-color)',
  /** @info var(--amino-gray-50) */
  /* THIS IS GENERATED VARIABLE! DON'T TOUCH IT!!! */
  surfaceColorSecondary: 'var(--amino-surface-color-secondary)',
  /** @info white */
  /* THIS IS GENERATED VARIABLE! DON'T TOUCH IT!!! */
  textLight: 'var(--amino-text-light)',
  /** @info var(--amino-gray-d80) */
  /* THIS IS GENERATED VARIABLE! DON'T TOUCH IT!!! */
  textColor: 'var(--amino-text-color)',
  /** @info var(--amino-text-color) */
  /* THIS IS GENERATED VARIABLE! DON'T TOUCH IT!!! */
  textDark: 'var(--amino-text-dark)',
  /** @info white */
  /* THIS IS GENERATED VARIABLE! DON'T TOUCH IT!!! */
  inputBackground: 'var(--amino-input-background)',

  /* BUTTON SIZE */
  /** @info 56px */
  /* THIS IS GENERATED VARIABLE! DON'T TOUCH IT!!! */
  sizeXl: 'var(--amino-size-xl)',
  /** @info 48px */
  /* THIS IS GENERATED VARIABLE! DON'T TOUCH IT!!! */
  sizeLg: 'var(--amino-size-lg)',
  /** @info 40px */
  /* THIS IS GENERATED VARIABLE! DON'T TOUCH IT!!! */
  sizeMd: 'var(--amino-size-md)',
  /** @info 32px */
  /* THIS IS GENERATED VARIABLE! DON'T TOUCH IT!!! */
  sizeSm: 'var(--amino-size-sm)',

  /* BORDER RADIUS */
  /** @info 4px */
  /* THIS IS GENERATED VARIABLE! DON'T TOUCH IT!!! */
  radiusSm: 'var(--amino-radius-sm)',
  /** @info 6px */
  /* THIS IS GENERATED VARIABLE! DON'T TOUCH IT!!! */
  radius: 'var(--amino-radius)',
  /** @info 8px */
  /* THIS IS GENERATED VARIABLE! DON'T TOUCH IT!!! */
  radiusLg: 'var(--amino-radius-lg)',
  /** @info 12px */
  /* THIS IS GENERATED VARIABLE! DON'T TOUCH IT!!! */
  radiusXl: 'var(--amino-radius-xl)',

  /** @info px: 24px */
  /* THIS IS GENERATED VARIABLE! DON'T TOUCH IT!!! */
  space: 'var(--amino-space)',
  /** @info px: -24px */
  /* THIS IS GENERATED VARIABLE! DON'T TOUCH IT!!! */
  spaceNegative: 'var(--amino-space-negative)',
  /** @info px: 16px */
  /* THIS IS GENERATED VARIABLE! DON'T TOUCH IT!!! */
  spaceHalf: 'var(--amino-space-half)',
  /** @info px: -16px */
  /* THIS IS GENERATED VARIABLE! DON'T TOUCH IT!!! */
  spaceHalfNegative: 'var(--amino-space-half-negative)',
  /** @info px: 8px */
  /* THIS IS GENERATED VARIABLE! DON'T TOUCH IT!!! */
  spaceQuarter: 'var(--amino-space-quarter)',
  /** @info px: -8px */
  /* THIS IS GENERATED VARIABLE! DON'T TOUCH IT!!! */
  spaceQuarterNegative: 'var(--amino-space-quarter-negative)',
  /** @info px: 40px */
  /* THIS IS GENERATED VARIABLE! DON'T TOUCH IT!!! */
  spaceDouble: 'var(--amino-space-double)',
  /** @info px: -40px */
  /* THIS IS GENERATED VARIABLE! DON'T TOUCH IT!!! */
  spaceDoubleNegative: 'var(--amino-space-double-negative)',

  /* LAYOUT STYLE */
  /** @info 55px */
  /* THIS IS GENERATED VARIABLE! DON'T TOUCH IT!!! */
  appbarHeight: 'var(--amino-appbar-height)',
  /** @info 264px */
  /* THIS IS GENERATED VARIABLE! DON'T TOUCH IT!!! */
  sidebarWidth: 'var(--amino-sidebar-width)',
  /** @info white */
  /* THIS IS GENERATED VARIABLE! DON'T TOUCH IT!!! */
  sidebarColor: 'var(--amino-sidebar-color)',
  /** @info white */
  /* THIS IS GENERATED VARIABLE! DON'T TOUCH IT!!! */
  headerColor: 'var(--amino-header-color)',
  /** @info var(--amino-gray-d80) */
  /* THIS IS GENERATED VARIABLE! DON'T TOUCH IT!!! */
  backdropColor: 'var(--amino-backdrop-color)',
  /** @info 0 */
  /* THIS IS GENERATED VARIABLE! DON'T TOUCH IT!!! */
  elevation0: 'var(--amino-elevation-0)',
  /** @info 100 */
  /* THIS IS GENERATED VARIABLE! DON'T TOUCH IT!!! */
  elevation100: 'var(--amino-elevation-100)',
  /** @info 200 */
  /* THIS IS GENERATED VARIABLE! DON'T TOUCH IT!!! */
  elevation200: 'var(--amino-elevation-200)',
  /** @info 300 */
  /* THIS IS GENERATED VARIABLE! DON'T TOUCH IT!!! */
  elevation300: 'var(--amino-elevation-300)',
  /** @info 400 */
  /* THIS IS GENERATED VARIABLE! DON'T TOUCH IT!!! */
  elevation400: 'var(--amino-elevation-400)',
  /** @info 500 */
  /* THIS IS GENERATED VARIABLE! DON'T TOUCH IT!!! */
  elevation500: 'var(--amino-elevation-500)',
  /** @info 400 */
  /* THIS IS GENERATED VARIABLE! DON'T TOUCH IT!!! */
  dialogElevation: 'var(--amino-dialog-elevation)',
  /** @info 500 */
  /* THIS IS GENERATED VARIABLE! DON'T TOUCH IT!!! */
  toastElevation: 'var(--amino-toast-elevation)',
  /** @info 500 */
  /* THIS IS GENERATED VARIABLE! DON'T TOUCH IT!!! */
  appbarElevation: 'var(--amino-appbar-elevation)',

  /* BOX SHADOW */
  /** @info inset 0px 2px 4px rgba(0, 0, 0, 0.06) */
  /* THIS IS GENERATED VARIABLE! DON'T TOUCH IT!!! */
  v3ShadowInset: 'var(--amino-v3-shadow-inset)',
  /** @info 0px 1px 2px rgba(0, 0, 0, 0.06), 0px 1px 3px rgba(0, 0, 0, 0.1) */
  /* THIS IS GENERATED VARIABLE! DON'T TOUCH IT!!! */
  v3ShadowBase: 'var(--amino-v3-shadow-base)',
  /** @info 0px 2px 4px rgba(0, 0, 0, 0.06), 0px 4px 6px rgba(0, 0, 0, 0.1) */
  /* THIS IS GENERATED VARIABLE! DON'T TOUCH IT!!! */
  v3ShadowMedium: 'var(--amino-v3-shadow-medium)',
  /** @info 0px 10px 15px rgba(0, 0, 0, 0.1), 0px 4px 6px rgba(0, 0, 0, 0.05) */
  /* THIS IS GENERATED VARIABLE! DON'T TOUCH IT!!! */
  v3ShadowLarge: 'var(--amino-v3-shadow-large)',
  /** @info 0px 20px 25px rgba(0, 0, 0, 0.1), 0px 10px 10px rgba(0, 0, 0, 0.04) */
  /* THIS IS GENERATED VARIABLE! DON'T TOUCH IT!!! */
  v3ShadowXl: 'var(--amino-v3-shadow-xl)',
  /** @info 0px 32px 50px rgba(0, 0, 0, 0.24) */
  /* THIS IS GENERATED VARIABLE! DON'T TOUCH IT!!! */
  v3ShadowXxl: 'var(--amino-v3-shadow-xxl)',
  /* LEGACY BOX SHADOW */
  /** @deprecated use v3ShadowInset instead */
  /* THIS IS GENERATED VARIABLE! DON'T TOUCH IT!!! */
  shadowInset: 'var(--amino-shadow-inset)',
  /** @deprecated use v3ShadowBase instead */
  /* THIS IS GENERATED VARIABLE! DON'T TOUCH IT!!! */
  shadowSmall: 'var(--amino-shadow-small)',
  /** @deprecated use v3ShadowMedium instead */
  /* THIS IS GENERATED VARIABLE! DON'T TOUCH IT!!! */
  shadowBase: 'var(--amino-shadow-base)',
  /** @deprecated use v3ShadowLarge instead */
  /* THIS IS GENERATED VARIABLE! DON'T TOUCH IT!!! */
  shadowMedium: 'var(--amino-shadow-medium)',
  /** @deprecated use v3ShadowXl instead */
  /* THIS IS GENERATED VARIABLE! DON'T TOUCH IT!!! */
  shadowLarge: 'var(--amino-shadow-large)',
  /** @deprecated use v3ShadowXxl instead */
  /* THIS IS GENERATED VARIABLE! DON'T TOUCH IT!!! */
  shadowLarger: 'var(--amino-shadow-larger)',

  /* BORDER */
  /** @info 1px solid var(--amino-border-color) */
  /* THIS IS GENERATED VARIABLE! DON'T TOUCH IT!!! */
  border: 'var(--amino-border)',
  /** @info 1px solid var(--amino-blue-l20) */
  /* THIS IS GENERATED VARIABLE! DON'T TOUCH IT!!! */
  borderBlue: 'var(--amino-border-blue)',
  /** @info 1px solid var(--amino-red-l40) */
  /* THIS IS GENERATED VARIABLE! DON'T TOUCH IT!!! */
  borderRed: 'var(--amino-border-red)',
  /** @info 1px solid var(--amino-cyan-l40) */
  /* THIS IS GENERATED VARIABLE! DON'T TOUCH IT!!! */
  borderCyan: 'var(--amino-border-cyan)',
  /** @info 1px solid var(--amino-orange-l40) */
  /* THIS IS GENERATED VARIABLE! DON'T TOUCH IT!!! */
  borderOrange: 'var(--amino-border-orange)',
  /** @info 1px solid var(--amino-green-l40) */
  /* THIS IS GENERATED VARIABLE! DON'T TOUCH IT!!! */
  borderGreen: 'var(--amino-border-green)',
  /** @info 1px solid var(--amino-purple-l40) */
  /* THIS IS GENERATED VARIABLE! DON'T TOUCH IT!!! */
  borderPurple: 'var(--amino-border-purple)',
  /** @info 1px solid var(--amino-amber-l40) */
  /* THIS IS GENERATED VARIABLE! DON'T TOUCH IT!!! */
  borderAmber: 'var(--amino-border-amber)',
  /** @info 1px solid transparent */
  /* THIS IS GENERATED VARIABLE! DON'T TOUCH IT!!! */
  borderTransparent: 'var(--amino-border-transparent)',

  /** @info 34px */
  /* THIS IS GENERATED VARIABLE! DON'T TOUCH IT!!! */
  fontSize3xl: 'var(--amino-font-size-3xl)',
  /** @info 28px  */
  /* THIS IS GENERATED VARIABLE! DON'T TOUCH IT!!! */
  fontSize2xl: 'var(--amino-font-size-2xl)',
  /** @info 22px */
  /* THIS IS GENERATED VARIABLE! DON'T TOUCH IT!!! */
  fontSizeXl: 'var(--amino-font-size-xl)',
  /** @info 18px */
  /* THIS IS GENERATED VARIABLE! DON'T TOUCH IT!!! */
  fontSizeL: 'var(--amino-font-size-l)',
  /** @info 14px */
  /* THIS IS GENERATED VARIABLE! DON'T TOUCH IT!!! */
  fontSizeBase: 'var(--amino-font-size-base)',
  /** @info 12px */
  /* THIS IS GENERATED VARIABLE! DON'T TOUCH IT!!! */
  fontSizeS: 'var(--amino-font-size-s)',
  /** @info 10px */
  /* THIS IS GENERATED VARIABLE! DON'T TOUCH IT!!! */
  fontSizeXs: 'var(--amino-font-size-xs)',

  /* LEGACY FONT SIZE */
  /** @info var(--amino-font-size-3xl) */
  /* THIS IS GENERATED VARIABLE! DON'T TOUCH IT!!! */
  textXxl: 'var(--amino-text-xxl)',
  /** @info var(--amino-font-size-2xl) */
  /* THIS IS GENERATED VARIABLE! DON'T TOUCH IT!!! */
  textXl: 'var(--amino-text-xl)',
  /** @info var(--amino-font-size-xl) */
  /* THIS IS GENERATED VARIABLE! DON'T TOUCH IT!!! */
  textLg: 'var(--amino-text-lg)',
  /** @info var(--amino-font-size-l) */
  /* THIS IS GENERATED VARIABLE! DON'T TOUCH IT!!! */
  textMd: 'var(--amino-text-md)',
  /** @info var(--amino-font-size-base) */
  /* THIS IS GENERATED VARIABLE! DON'T TOUCH IT!!! */
  textBase: 'var(--amino-text-base)',
  /** @info var(--amino-font-size-s) */
  /* THIS IS GENERATED VARIABLE! DON'T TOUCH IT!!! */
  textSm: 'var(--amino-text-sm)',
  /** @info var(--amino-font-size-xs) */
  /* THIS IS GENERATED VARIABLE! DON'T TOUCH IT!!! */
  textXs: 'var(--amino-text-xs)',

  /* LINE HEIGHT */
  /** @info 118% */
  /* THIS IS GENERATED VARIABLE! DON'T TOUCH IT!!! */
  lineHeight3xl: 'var(--amino-line-height-3xl)',
  /** @info 119% */
  /* THIS IS GENERATED VARIABLE! DON'T TOUCH IT!!! */
  lineHeight2xl: 'var(--amino-line-height-2xl)',
  /** @info 127% */
  /* THIS IS GENERATED VARIABLE! DON'T TOUCH IT!!! */
  lineHeightXl: 'var(--amino-line-height-xl)',
  /** @info 133% */
  /* THIS IS GENERATED VARIABLE! DON'T TOUCH IT!!! */
  lineHeightL: 'var(--amino-line-height-l)',
  /** @info 114% */
  /* THIS IS GENERATED VARIABLE! DON'T TOUCH IT!!! */
  lineHeightBase: 'var(--amino-line-height-base)',
  /** @info 133% */
  /* THIS IS GENERATED VARIABLE! DON'T TOUCH IT!!! */
  lineHeightS: 'var(--amino-line-height-s)',
  /** @info 120% */
  /* THIS IS GENERATED VARIABLE! DON'T TOUCH IT!!! */
  lineHeightXs: 'var(--amino-line-height-xs)',

  /* FONTS */
  /** @info 'Inter', -apple-system, BlinkMacSystemFont, 'Segoe UI', 'Roboto', 'Oxygen', 'Ubuntu', 'Cantarell', 'Fira Sans', 'Droid Sans', 'Helvetica Neue', sans-serif */
  /* THIS IS GENERATED VARIABLE! DON'T TOUCH IT!!! */
  fontSans: 'var(--amino-font-sans)',
  /** @info Operator Mono, MonoLisa, Dank Mono, Menlo, Monaco, Lucida Console, Liberation Mono, DejaVu Sans Mono, Bitstream Vera Sans Mono, Courier New, monospace */
  /* THIS IS GENERATED VARIABLE! DON'T TOUCH IT!!! */
  'font-mono': 'var(--amino-font-mono)',
  /** @info 'Fira Code', var(--amino-font-sans) */
  /* THIS IS GENERATED VARIABLE! DON'T TOUCH IT!!! */
  'harmonized-codes': 'var(--amino-harmonized-codes)',
} as const;

export type ThemeKey = keyof typeof theme;

export type ThemeValue = typeof theme[ThemeKey];
"
`;
